
Discarded input sections

 .data          0x00000000        0x0 build/obj/crt0_v7m.o
 .bss           0x00000000        0x0 build/obj/crt0_v7m.o
 .data          0x00000000        0x0 build/obj/chcoreasm_v7m.o
 .bss           0x00000000        0x0 build/obj/chcoreasm_v7m.o
 .text          0x00000000        0x0 build/obj/crt1.o (symbol from plugin)
 .text          0x00000000        0x0 C:\Users\CYIRKO~1\AppData\Local\Temp\ccA40t7Q.ltrans0.ltrans.o
 .data          0x00000000        0x0 C:\Users\CYIRKO~1\AppData\Local\Temp\ccA40t7Q.ltrans0.ltrans.o
 .bss           0x00000000        0x0 C:\Users\CYIRKO~1\AppData\Local\Temp\ccA40t7Q.ltrans0.ltrans.o
 .text          0x00000000        0x0 C:\Users\CYIRKO~1\AppData\Local\Temp\ccA40t7Q.ltrans1.ltrans.o
 .data          0x00000000        0x0 C:\Users\CYIRKO~1\AppData\Local\Temp\ccA40t7Q.ltrans1.ltrans.o
 .bss           0x00000000        0x0 C:\Users\CYIRKO~1\AppData\Local\Temp\ccA40t7Q.ltrans1.ltrans.o
 .text          0x00000000        0x0 C:\Users\CYIRKO~1\AppData\Local\Temp\ccA40t7Q.ltrans2.ltrans.o
 .data          0x00000000        0x0 C:\Users\CYIRKO~1\AppData\Local\Temp\ccA40t7Q.ltrans2.ltrans.o
 .bss           0x00000000        0x0 C:\Users\CYIRKO~1\AppData\Local\Temp\ccA40t7Q.ltrans2.ltrans.o
 .text          0x00000000        0x0 build/obj/vectors.o (symbol from plugin)
 .text          0x00000000        0x0 build/obj/chsys.o (symbol from plugin)
 .text          0x00000000        0x0 build/obj/chdebug.o (symbol from plugin)
 .text          0x00000000        0x0 build/obj/chtrace.o (symbol from plugin)
 .text          0x00000000        0x0 build/obj/chvt.o (symbol from plugin)
 .text          0x00000000        0x0 build/obj/chschd.o (symbol from plugin)
 .text          0x00000000        0x0 build/obj/chthreads.o (symbol from plugin)
 .text          0x00000000        0x0 build/obj/chtm.o (symbol from plugin)
 .text          0x00000000        0x0 build/obj/chregistry.o (symbol from plugin)
 .text          0x00000000        0x0 build/obj/chsem.o (symbol from plugin)
 .text          0x00000000        0x0 build/obj/chmtx.o (symbol from plugin)
 .text          0x00000000        0x0 build/obj/chcond.o (symbol from plugin)
 .text          0x00000000        0x0 build/obj/chevents.o (symbol from plugin)
 .text          0x00000000        0x0 build/obj/chmsg.o (symbol from plugin)
 .text          0x00000000        0x0 build/obj/chdynamic.o (symbol from plugin)
 .text          0x00000000        0x0 build/obj/chmboxes.o (symbol from plugin)
 .text          0x00000000        0x0 build/obj/chmemcore.o (symbol from plugin)
 .text          0x00000000        0x0 build/obj/chheap.o (symbol from plugin)
 .text          0x00000000        0x0 build/obj/chmempools.o (symbol from plugin)
 .text          0x00000000        0x0 build/obj/chcore.o (symbol from plugin)
 .text          0x00000000        0x0 build/obj/chcore_v7m.o (symbol from plugin)
 .text          0x00000000        0x0 build/obj/osal.o (symbol from plugin)
 .text          0x00000000        0x0 build/obj/hal.o (symbol from plugin)
 .text          0x00000000        0x0 build/obj/hal_st.o (symbol from plugin)
 .text          0x00000000        0x0 build/obj/hal_buffers.o (symbol from plugin)
 .text          0x00000000        0x0 build/obj/hal_queues.o (symbol from plugin)
 .text          0x00000000        0x0 build/obj/hal_mmcsd.o (symbol from plugin)
 .text          0x00000000        0x0 build/obj/hal_adc.o (symbol from plugin)
 .text          0x00000000        0x0 build/obj/hal_gpt.o (symbol from plugin)
 .text          0x00000000        0x0 build/obj/hal_pal.o (symbol from plugin)
 .text          0x00000000        0x0 build/obj/hal_serial.o (symbol from plugin)
 .text          0x00000000        0x0 build/obj/nvic.o (symbol from plugin)
 .text          0x00000000        0x0 build/obj/hal_lld.o (symbol from plugin)
 .text          0x00000000        0x0 build/obj/hal_adc_lld.o (symbol from plugin)
 .text          0x00000000        0x0 build/obj/stm32_dma.o (symbol from plugin)
 .text          0x00000000        0x0 build/obj/hal_pal_lld.o (symbol from plugin)
 .text          0x00000000        0x0 build/obj/hal_st_lld.o (symbol from plugin)
 .text          0x00000000        0x0 build/obj/hal_gpt_lld.o (symbol from plugin)
 .text          0x00000000        0x0 build/obj/hal_serial_lld.o (symbol from plugin)
 .text          0x00000000        0x0 build/obj/board.o (symbol from plugin)
 .text          0x00000000        0x0 build/obj/chprintf.o (symbol from plugin)
 .text          0x00000000        0x0 build/obj/memstreams.o (symbol from plugin)
 .text          0x00000000        0x0 build/obj/nullstreams.o (symbol from plugin)
 .text          0x00000000        0x0 build/obj/main.o (symbol from plugin)

Memory Configuration

Name             Origin             Length             Attributes
flash0           0x08000000         0x00200000
flash1           0x00200000         0x00200000
flash2           0x00000000         0x00000000
flash3           0x00000000         0x00000000
flash4           0x00000000         0x00000000
flash5           0x00000000         0x00000000
flash6           0x00000000         0x00000000
flash7           0x00000000         0x00000000
ram0             0x20020000         0x00060000
ram1             0x20020000         0x0005c000
ram2             0x2007c000         0x00004000
ram3             0x20000000         0x00020000
ram4             0x00000000         0x00004000
ram5             0x40024000         0x00001000
ram6             0x00000000         0x00000000
ram7             0x00000000         0x00000000
*default*        0x00000000         0xffffffff

Linker script and memory map

LOAD build/obj/crt0_v7m.o
LOAD build/obj/chcoreasm_v7m.o
LOAD build/obj/crt1.o
LOAD C:\Users\CYIRKO~1\AppData\Local\Temp\ccA40t7Q.ltrans0.ltrans.o
LOAD C:\Users\CYIRKO~1\AppData\Local\Temp\ccA40t7Q.ltrans1.ltrans.o
LOAD C:\Users\CYIRKO~1\AppData\Local\Temp\ccA40t7Q.ltrans2.ltrans.o
LOAD build/obj/vectors.o
LOAD build/obj/chsys.o
LOAD build/obj/chdebug.o
LOAD build/obj/chtrace.o
LOAD build/obj/chvt.o
LOAD build/obj/chschd.o
LOAD build/obj/chthreads.o
LOAD build/obj/chtm.o
LOAD build/obj/chregistry.o
LOAD build/obj/chsem.o
LOAD build/obj/chmtx.o
LOAD build/obj/chcond.o
LOAD build/obj/chevents.o
LOAD build/obj/chmsg.o
LOAD build/obj/chdynamic.o
LOAD build/obj/chmboxes.o
LOAD build/obj/chmemcore.o
LOAD build/obj/chheap.o
LOAD build/obj/chmempools.o
LOAD build/obj/chcore.o
LOAD build/obj/chcore_v7m.o
LOAD build/obj/osal.o
LOAD build/obj/hal.o
LOAD build/obj/hal_st.o
LOAD build/obj/hal_buffers.o
LOAD build/obj/hal_queues.o
LOAD build/obj/hal_mmcsd.o
LOAD build/obj/hal_adc.o
LOAD build/obj/hal_gpt.o
LOAD build/obj/hal_pal.o
LOAD build/obj/hal_serial.o
LOAD build/obj/nvic.o
LOAD build/obj/hal_lld.o
LOAD build/obj/hal_adc_lld.o
LOAD build/obj/stm32_dma.o
LOAD build/obj/hal_pal_lld.o
LOAD build/obj/hal_st_lld.o
LOAD build/obj/hal_gpt_lld.o
LOAD build/obj/hal_serial_lld.o
LOAD build/obj/board.o
LOAD build/obj/chprintf.o
LOAD build/obj/memstreams.o
LOAD build/obj/nullstreams.o
LOAD build/obj/main.o

.mstack         0x20000000      0x400
                0x20000000                . = ALIGN (0x8)
                0x20000000                __main_stack_base__ = .
                0x20000400                . = (. + __main_stack_size__)
 *fill*         0x20000000      0x400 
                0x20000400                . = ALIGN (0x8)
                0x20000400                __main_stack_end__ = .

.pstack         0x20000400      0x400
                0x20000400                __process_stack_base__ = .
                0x20000400                __main_thread_stack_base__ = .
                0x20000800                . = (. + __process_stack_size__)
 *fill*         0x20000400      0x400 
                0x20000800                . = ALIGN (0x8)
                0x20000800                __process_stack_end__ = .
                0x20000800                __main_thread_stack_end__ = .

.nocache        0x20000800        0x0
                0x20000800                __nocache_base__ = .
 *(.nocache)
 *(.nocache.*)
 *(.bss.__nocache_*)
                0x20000800                . = ALIGN (0x4)
                0x20000800                __nocache_end__ = .

.eth            0x20000800        0x0
                0x20000800                __eth_base__ = .
 *(.eth)
 *(.eth.*)
 *(.bss.__eth_*)
                0x20000800                . = ALIGN (0x4)
                0x20000800                __eth_end__ = .

.vectors        0x00200000      0x200 load address 0x08000000
 *(.vectors)
 .vectors       0x00200000      0x200 C:\Users\CYIRKO~1\AppData\Local\Temp\ccA40t7Q.ltrans1.ltrans.o
                0x00200000                _vectors

.xtors          0x00200200        0x0 load address 0x08000200
                0x00200200                __init_array_start = .
 *(SORT(.init_array.*))
 *(.init_array)
                0x00200200                __init_array_end = .
                0x00200200                __fini_array_start = .
 *(.fini_array)
 *(SORT(.fini_array.*))
                0x00200200                __fini_array_end = .

.text           0x00200200     0x1e68 load address 0x08000200
 *(.text)
 .text          0x00200200       0xd4 build/obj/crt0_v7m.o
                0x00200200                Reset_Handler
 .text          0x002002d4       0x28 build/obj/chcoreasm_v7m.o
                0x002002d4                _port_switch
                0x002002e4                _port_thread_start
                0x002002f4                _port_switch_from_isr
                0x002002f8                _port_exit_from_isr
 *(.text.*)
 *fill*         0x002002fc        0x4 
 .text.SVC_Handler
                0x00200300       0x1c C:\Users\CYIRKO~1\AppData\Local\Temp\ccA40t7Q.ltrans0.ltrans.o
                0x00200300                SVC_Handler
 *fill*         0x0020031c        0x4 
 .text.chCoreAllocAligned
                0x00200320       0x48 C:\Users\CYIRKO~1\AppData\Local\Temp\ccA40t7Q.ltrans0.ltrans.o
                0x00200320                chCoreAllocAligned
 *fill*         0x00200368        0x8 
 .text.wakeup   0x00200370       0x70 C:\Users\CYIRKO~1\AppData\Local\Temp\ccA40t7Q.ltrans0.ltrans.o
 .text._idle_thread.lto_priv.46
                0x002003e0        0x4 C:\Users\CYIRKO~1\AppData\Local\Temp\ccA40t7Q.ltrans0.ltrans.o
                0x002003e0                _idle_thread.lto_priv.46
 *fill*         0x002003e4        0xc 
 .text.chSchGoSleepS
                0x002003f0       0x28 C:\Users\CYIRKO~1\AppData\Local\Temp\ccA40t7Q.ltrans0.ltrans.o
 *fill*         0x00200418        0x8 
 .text._pal_lld_setgroupmode
                0x00200420       0xec C:\Users\CYIRKO~1\AppData\Local\Temp\ccA40t7Q.ltrans0.ltrans.o
                0x00200420                _pal_lld_setgroupmode
 *fill*         0x0020050c        0x4 
 .text._port_irq_epilogue
                0x00200510       0x5c C:\Users\CYIRKO~1\AppData\Local\Temp\ccA40t7Q.ltrans0.ltrans.o
                0x00200510                _port_irq_epilogue
 *fill*         0x0020056c        0x4 
 .text.SysTick_Handler
                0x00200570       0x58 C:\Users\CYIRKO~1\AppData\Local\Temp\ccA40t7Q.ltrans0.ltrans.o
                0x00200570                SysTick_Handler
 *fill*         0x002005c8        0x8 
 .text.Vector158
                0x002005d0       0x2c C:\Users\CYIRKO~1\AppData\Local\Temp\ccA40t7Q.ltrans0.ltrans.o
                0x002005d0                Vector158
 *fill*         0x002005fc        0x4 
 .text.Vector154
                0x00200600       0x2c C:\Users\CYIRKO~1\AppData\Local\Temp\ccA40t7Q.ltrans0.ltrans.o
                0x00200600                Vector154
 *fill*         0x0020062c        0x4 
 .text.Vector150
                0x00200630       0x2c C:\Users\CYIRKO~1\AppData\Local\Temp\ccA40t7Q.ltrans0.ltrans.o
                0x00200630                Vector150
 *fill*         0x0020065c        0x4 
 .text.Vector130
                0x00200660       0x28 C:\Users\CYIRKO~1\AppData\Local\Temp\ccA40t7Q.ltrans0.ltrans.o
                0x00200660                Vector130
 *fill*         0x00200688        0x8 
 .text.Vector12C
                0x00200690       0x2c C:\Users\CYIRKO~1\AppData\Local\Temp\ccA40t7Q.ltrans0.ltrans.o
                0x00200690                Vector12C
 *fill*         0x002006bc        0x4 
 .text.Vector128
                0x002006c0       0x2c C:\Users\CYIRKO~1\AppData\Local\Temp\ccA40t7Q.ltrans0.ltrans.o
                0x002006c0                Vector128
 *fill*         0x002006ec        0x4 
 .text.Vector124
                0x002006f0       0x2c C:\Users\CYIRKO~1\AppData\Local\Temp\ccA40t7Q.ltrans0.ltrans.o
                0x002006f0                Vector124
 *fill*         0x0020071c        0x4 
 .text.Vector120
                0x00200720       0x28 C:\Users\CYIRKO~1\AppData\Local\Temp\ccA40t7Q.ltrans0.ltrans.o
                0x00200720                Vector120
 *fill*         0x00200748        0x8 
 .text.VectorFC
                0x00200750       0x2c C:\Users\CYIRKO~1\AppData\Local\Temp\ccA40t7Q.ltrans0.ltrans.o
                0x00200750                VectorFC
 *fill*         0x0020077c        0x4 
 .text.Vector84
                0x00200780       0x2c C:\Users\CYIRKO~1\AppData\Local\Temp\ccA40t7Q.ltrans0.ltrans.o
                0x00200780                Vector84
 *fill*         0x002007ac        0x4 
 .text.Vector80
                0x002007b0       0x2c C:\Users\CYIRKO~1\AppData\Local\Temp\ccA40t7Q.ltrans0.ltrans.o
                0x002007b0                Vector80
 *fill*         0x002007dc        0x4 
 .text.Vector7C
                0x002007e0       0x28 C:\Users\CYIRKO~1\AppData\Local\Temp\ccA40t7Q.ltrans0.ltrans.o
                0x002007e0                Vector7C
 *fill*         0x00200808        0x8 
 .text.Vector78
                0x00200810       0x2c C:\Users\CYIRKO~1\AppData\Local\Temp\ccA40t7Q.ltrans0.ltrans.o
                0x00200810                Vector78
 *fill*         0x0020083c        0x4 
 .text.Vector74
                0x00200840       0x2c C:\Users\CYIRKO~1\AppData\Local\Temp\ccA40t7Q.ltrans0.ltrans.o
                0x00200840                Vector74
 *fill*         0x0020086c        0x4 
 .text.Vector70
                0x00200870       0x2c C:\Users\CYIRKO~1\AppData\Local\Temp\ccA40t7Q.ltrans0.ltrans.o
                0x00200870                Vector70
 *fill*         0x0020089c        0x4 
 .text.Vector6C
                0x002008a0       0x28 C:\Users\CYIRKO~1\AppData\Local\Temp\ccA40t7Q.ltrans0.ltrans.o
                0x002008a0                Vector6C
 *fill*         0x002008c8        0x8 
 .text.chTMStopMeasurementX
                0x002008d0       0x44 C:\Users\CYIRKO~1\AppData\Local\Temp\ccA40t7Q.ltrans0.ltrans.o
                0x002008d0                chTMStopMeasurementX
 *fill*         0x00200914        0xc 
 .text.chSchDoReschedule
                0x00200920       0x40 C:\Users\CYIRKO~1\AppData\Local\Temp\ccA40t7Q.ltrans0.ltrans.o
                0x00200920                chSchDoReschedule
 .text.chSchGoSleepTimeoutS
                0x00200960       0x88 C:\Users\CYIRKO~1\AppData\Local\Temp\ccA40t7Q.ltrans0.ltrans.o
                0x00200960                chSchGoSleepTimeoutS
 *fill*         0x002009e8        0x8 
 .text.chThdEnqueueTimeoutS
                0x002009f0       0x28 C:\Users\CYIRKO~1\AppData\Local\Temp\ccA40t7Q.ltrans0.ltrans.o
 *fill*         0x00200a18        0x8 
 .text.oqWriteTimeout
                0x00200a20       0xb8 C:\Users\CYIRKO~1\AppData\Local\Temp\ccA40t7Q.ltrans0.ltrans.o
 *fill*         0x00200ad8        0x8 
 .text._writet.lto_priv.44
                0x00200ae0        0x8 C:\Users\CYIRKO~1\AppData\Local\Temp\ccA40t7Q.ltrans0.ltrans.o
                0x00200ae0                _writet.lto_priv.44
 *fill*         0x00200ae8        0x8 
 .text._write.lto_priv.38
                0x00200af0        0xc C:\Users\CYIRKO~1\AppData\Local\Temp\ccA40t7Q.ltrans0.ltrans.o
                0x00200af0                _write.lto_priv.38
 *fill*         0x00200afc        0x4 
 .text.oqPutTimeout
                0x00200b00       0x54 C:\Users\CYIRKO~1\AppData\Local\Temp\ccA40t7Q.ltrans0.ltrans.o
 *fill*         0x00200b54        0xc 
 .text._putt.lto_priv.42
                0x00200b60        0x8 C:\Users\CYIRKO~1\AppData\Local\Temp\ccA40t7Q.ltrans0.ltrans.o
                0x00200b60                _putt.lto_priv.42
 *fill*         0x00200b68        0x8 
 .text._put.lto_priv.40
                0x00200b70        0xc C:\Users\CYIRKO~1\AppData\Local\Temp\ccA40t7Q.ltrans0.ltrans.o
                0x00200b70                _put.lto_priv.40
 *fill*         0x00200b7c        0x4 
 .text.iqReadTimeout
                0x00200b80       0xb8 C:\Users\CYIRKO~1\AppData\Local\Temp\ccA40t7Q.ltrans0.ltrans.o
 *fill*         0x00200c38        0x8 
 .text._readt.lto_priv.45
                0x00200c40        0x8 C:\Users\CYIRKO~1\AppData\Local\Temp\ccA40t7Q.ltrans0.ltrans.o
                0x00200c40                _readt.lto_priv.45
 *fill*         0x00200c48        0x8 
 .text._read.lto_priv.39
                0x00200c50        0xc C:\Users\CYIRKO~1\AppData\Local\Temp\ccA40t7Q.ltrans0.ltrans.o
                0x00200c50                _read.lto_priv.39
 *fill*         0x00200c5c        0x4 
 .text.iqGetTimeout
                0x00200c60       0x50 C:\Users\CYIRKO~1\AppData\Local\Temp\ccA40t7Q.ltrans0.ltrans.o
 .text._gett.lto_priv.43
                0x00200cb0        0x8 C:\Users\CYIRKO~1\AppData\Local\Temp\ccA40t7Q.ltrans0.ltrans.o
                0x00200cb0                _gett.lto_priv.43
 *fill*         0x00200cb8        0x8 
 .text._get.lto_priv.41
                0x00200cc0        0xc C:\Users\CYIRKO~1\AppData\Local\Temp\ccA40t7Q.ltrans0.ltrans.o
                0x00200cc0                _get.lto_priv.41
 *fill*         0x00200ccc        0x4 
 .text.chSchReadyI
                0x00200cd0       0x2c C:\Users\CYIRKO~1\AppData\Local\Temp\ccA40t7Q.ltrans0.ltrans.o
                0x00200cd0                chSchReadyI
 *fill*         0x00200cfc        0x4 
 .text.Vector88
                0x00200d00       0x98 C:\Users\CYIRKO~1\AppData\Local\Temp\ccA40t7Q.ltrans0.ltrans.o
                0x00200d00                Vector88
 *fill*         0x00200d98        0x8 
 .text.adc_lld_serve_rx_interrupt.lto_priv.37
                0x00200da0      0x128 C:\Users\CYIRKO~1\AppData\Local\Temp\ccA40t7Q.ltrans0.ltrans.o
                0x00200da0                adc_lld_serve_rx_interrupt.lto_priv.37
 *fill*         0x00200ec8        0x8 
 .text.chThdExit
                0x00200ed0       0x50 C:\Users\CYIRKO~1\AppData\Local\Temp\ccA40t7Q.ltrans0.ltrans.o
                0x00200ed0                chThdExit
 .text._unhandled_exception
                0x00200f20        0x4 C:\Users\CYIRKO~1\AppData\Local\Temp\ccA40t7Q.ltrans0.ltrans.o
                0x00200f20                Vector58
                0x00200f20                VectorE8
                0x00200f20                Vector9C
                0x00200f20                VectorAC
                0x00200f20                DebugMon_Handler
                0x00200f20                Vector1A0
                0x00200f20                Vector5C
                0x00200f20                Vector11C
                0x00200f20                HardFault_Handler
                0x00200f20                Vector1B8
                0x00200f20                Vector1F0
                0x00200f20                Vector19C
                0x00200f20                Vector1EC
                0x00200f20                Vector8C
                0x00200f20                VectorDC
                0x00200f20                PendSV_Handler
                0x00200f20                Vector168
                0x00200f20                NMI_Handler
                0x00200f20                Vector110
                0x00200f20                Vector1D8
                0x00200f20                Vector1F4
                0x00200f20                VectorC8
                0x00200f20                Vector94
                0x00200f20                VectorA8
                0x00200f20                VectorB4
                0x00200f20                Vector1FC
                0x00200f20                Vector160
                0x00200f20                Vector1B0
                0x00200f20                UsageFault_Handler
                0x00200f20                VectorEC
                0x00200f20                Vector40
                0x00200f20                VectorF8
                0x00200f20                Vector108
                0x00200f20                VectorBC
                0x00200f20                Vector190
                0x00200f20                Vector1E0
                0x00200f20                Vector1F8
                0x00200f20                Vector1C4
                0x00200f20                Vector1CC
                0x00200f20                Vector1E4
                0x00200f20                Vector148
                0x00200f20                Vector198
                0x00200f20                Vector118
                0x00200f20                Vector64
                0x00200f20                VectorCC
                0x00200f20                Vector54
                0x00200f20                Vector98
                0x00200f20                VectorD8
                0x00200f20                Vector138
                0x00200f20                Vector24
                0x00200f20                Vector1AC
                0x00200f20                Vector178
                0x00200f20                Vector1A4
                0x00200f20                VectorD0
                0x00200f20                Vector1B4
                0x00200f20                Vector140
                0x00200f20                VectorE4
                0x00200f20                VectorC0
                0x00200f20                Vector1C0
                0x00200f20                Vector134
                0x00200f20                Vector1D0
                0x00200f20                VectorF0
                0x00200f20                Vector13C
                0x00200f20                Vector100
                0x00200f20                VectorE0
                0x00200f20                VectorF4
                0x00200f20                MemManage_Handler
                0x00200f20                VectorA0
                0x00200f20                VectorC4
                0x00200f20                Vector180
                0x00200f20                VectorB0
                0x00200f20                Vector90
                0x00200f20                Vector114
                0x00200f20                Vector164
                0x00200f20                Vector60
                0x00200f20                Vector1C
                0x00200f20                Vector1BC
                0x00200f20                Vector1D4
                0x00200f20                Vector17C
                0x00200f20                Vector48
                0x00200f20                Vector1A8
                0x00200f20                Vector16C
                0x00200f20                VectorD4
                0x00200f20                Vector4C
                0x00200f20                Vector144
                0x00200f20                Vector15C
                0x00200f20                Vector68
                0x00200f20                Vector1E8
                0x00200f20                _unhandled_exception
                0x00200f20                Vector170
                0x00200f20                Vector104
                0x00200f20                Vector184
                0x00200f20                Vector10C
                0x00200f20                Vector14C
                0x00200f20                BusFault_Handler
                0x00200f20                Vector50
                0x00200f20                Vector1C8
                0x00200f20                Vector194
                0x00200f20                Vector1DC
                0x00200f20                Vector44
                0x00200f20                Vector28
                0x00200f20                VectorB8
                0x00200f20                Vector34
                0x00200f20                Vector20
                0x00200f20                Vector18C
                0x00200f20                Vector174
 *fill*         0x00200f24        0xc 
 .text.__init_ram_areas
                0x00200f30       0x60 C:\Users\CYIRKO~1\AppData\Local\Temp\ccA40t7Q.ltrans0.ltrans.o
                0x00200f30                __init_ram_areas
 .text.__default_exit
                0x00200f90        0x4 C:\Users\CYIRKO~1\AppData\Local\Temp\ccA40t7Q.ltrans0.ltrans.o
                0x00200f90                __default_exit
 *fill*         0x00200f94        0xc 
 .text.__late_init
                0x00200fa0        0x4 C:\Users\CYIRKO~1\AppData\Local\Temp\ccA40t7Q.ltrans0.ltrans.o
                0x00200fa0                __late_init
 *fill*         0x00200fa4        0xc 
 .text.__core_init
                0x00200fb0       0x7c C:\Users\CYIRKO~1\AppData\Local\Temp\ccA40t7Q.ltrans0.ltrans.o
                0x00200fb0                __core_init
 *fill*         0x0020102c        0x4 
 .text.notify7  0x00201030       0x10 C:\Users\CYIRKO~1\AppData\Local\Temp\ccA40t7Q.ltrans1.ltrans.o
 .text.ADC_ErrCB
                0x00201040        0x4 C:\Users\CYIRKO~1\AppData\Local\Temp\ccA40t7Q.ltrans1.ltrans.o
 *fill*         0x00201044        0xc 
 .text.ADC_CB   0x00201050        0xc C:\Users\CYIRKO~1\AppData\Local\Temp\ccA40t7Q.ltrans1.ltrans.o
 *fill*         0x0020105c        0x4 
 .text.VectorA4
                0x00201060       0x34 C:\Users\CYIRKO~1\AppData\Local\Temp\ccA40t7Q.ltrans1.ltrans.o
 *fill*         0x00201094        0xc 
 .text.Vector188
                0x002010a0      0x190 C:\Users\CYIRKO~1\AppData\Local\Temp\ccA40t7Q.ltrans1.ltrans.o
 .text.startup.main
                0x00201230      0x86c C:\Users\CYIRKO~1\AppData\Local\Temp\ccA40t7Q.ltrans1.ltrans.o
                0x00201230                main
 *fill*         0x00201a9c        0x4 
 .text.__early_init
                0x00201aa0       0xe8 C:\Users\CYIRKO~1\AppData\Local\Temp\ccA40t7Q.ltrans1.ltrans.o
                0x00201aa0                __early_init
 *fill*         0x00201b88        0x8 
 .text.chTMStartMeasurementX.constprop.32
                0x00201b90        0xc C:\Users\CYIRKO~1\AppData\Local\Temp\ccA40t7Q.ltrans2.ltrans.o
                0x00201b90                chTMStartMeasurementX.constprop.32
 *fill*         0x00201b9c        0x4 
 .text.chEvtBroadcastFlagsI.constprop.28
                0x00201ba0       0x64 C:\Users\CYIRKO~1\AppData\Local\Temp\ccA40t7Q.ltrans2.ltrans.o
                0x00201ba0                chEvtBroadcastFlagsI.constprop.28
 *fill*         0x00201c04        0xc 
 .text.chprintf.constprop.0
                0x00201c10      0x458 C:\Users\CYIRKO~1\AppData\Local\Temp\ccA40t7Q.ltrans2.ltrans.o
                0x00201c10                chprintf.constprop.0
 *(.glue_7t)
 .glue_7t       0x00202068        0x0 linker stubs
 *(.glue_7)
 .glue_7        0x00202068        0x0 linker stubs
 *(.gcc*)

.vfp11_veneer   0x00202068        0x0 load address 0x08002068
 .vfp11_veneer  0x00202068        0x0 linker stubs

.v4_bx          0x00202068        0x0 load address 0x08002068
 .v4_bx         0x00202068        0x0 linker stubs

.iplt           0x00202068        0x0 load address 0x08002068
 .iplt          0x00202068        0x0 build/obj/crt0_v7m.o

.rodata         0x08002068      0x1c8
                0x08002068                . = ALIGN (0x4)
                0x08002068                __rodata_base__ = .
 *(.rodata)
 *(.rodata.*)
 .rodata.ram_areas
                0x08002068       0x80 C:\Users\CYIRKO~1\AppData\Local\Temp\ccA40t7Q.ltrans0.ltrans.o
 .rodata.ADC_Grpcfg
                0x080020e8       0x28 C:\Users\CYIRKO~1\AppData\Local\Temp\ccA40t7Q.ltrans1.ltrans.o
 .rodata.GPT1cfg
                0x08002110       0x10 C:\Users\CYIRKO~1\AppData\Local\Temp\ccA40t7Q.ltrans1.ltrans.o
 .rodata._stm32_dma_streams
                0x08002120       0xc0 C:\Users\CYIRKO~1\AppData\Local\Temp\ccA40t7Q.ltrans1.ltrans.o
 .rodata.ch_debug
                0x080021e0       0x16 C:\Users\CYIRKO~1\AppData\Local\Temp\ccA40t7Q.ltrans1.ltrans.o
 *fill*         0x080021f6        0x2 
 .rodata.main.str1.4
                0x080021f8        0xd C:\Users\CYIRKO~1\AppData\Local\Temp\ccA40t7Q.ltrans1.ltrans.o
 *fill*         0x08002205        0x3 
 .rodata.vmt    0x08002208       0x20 C:\Users\CYIRKO~1\AppData\Local\Temp\ccA40t7Q.ltrans1.ltrans.o
 .rodata.chprintf.constprop.0.str1.4
                0x08002228        0x8 C:\Users\CYIRKO~1\AppData\Local\Temp\ccA40t7Q.ltrans2.ltrans.o
                                  0xf (size before relaxing)
                0x08002230                . = ALIGN (0x4)
                0x08002230                __rodata_end__ = .

.rel.dyn        0x08002230        0x0
 .rel.iplt      0x08002230        0x0 build/obj/crt0_v7m.o

.ARM.extab
 *(.ARM.extab* .gnu.linkonce.armextab.*)

.ARM.exidx      0x00202068        0x0 load address 0x08002230
                0x00202068                __exidx_start = .
 *(.ARM.exidx* .gnu.linkonce.armexidx.*)
                0x00202068                __exidx_end = .

.eh_frame_hdr
 *(.eh_frame_hdr)

.eh_frame
 *(.eh_frame)
                0x20020000                __ram0_start__ = ORIGIN (ram0)
                0x00060000                __ram0_size__ = LENGTH (ram0)
                0x20080000                __ram0_end__ = (__ram0_start__ + __ram0_size__)
                0x20020000                __ram1_start__ = ORIGIN (ram1)
                0x0005c000                __ram1_size__ = LENGTH (ram1)
                0x2007c000                __ram1_end__ = (__ram1_start__ + __ram1_size__)
                0x2007c000                __ram2_start__ = ORIGIN (ram2)
                0x00004000                __ram2_size__ = LENGTH (ram2)
                0x20080000                __ram2_end__ = (__ram2_start__ + __ram2_size__)
                0x20000000                __ram3_start__ = ORIGIN (ram3)
                0x00020000                __ram3_size__ = LENGTH (ram3)
                0x20020000                __ram3_end__ = (__ram3_start__ + __ram3_size__)
                0x00000000                __ram4_start__ = ORIGIN (ram4)
                0x00004000                __ram4_size__ = LENGTH (ram4)
                0x00004000                __ram4_end__ = (__ram4_start__ + __ram4_size__)
                0x40024000                __ram5_start__ = ORIGIN (ram5)
                0x00001000                __ram5_size__ = LENGTH (ram5)
                0x40025000                __ram5_end__ = (__ram5_start__ + __ram5_size__)
                0x00000000                __ram6_start__ = ORIGIN (ram6)
                0x00000000                __ram6_size__ = LENGTH (ram6)
                0x00000000                __ram6_end__ = (__ram6_start__ + __ram6_size__)
                0x00000000                __ram7_start__ = ORIGIN (ram7)
                0x00000000                __ram7_size__ = LENGTH (ram7)
                0x00000000                __ram7_end__ = (__ram7_start__ + __ram7_size__)

.data           0x20020000        0x0 load address 0x08002230
                0x20020000                . = ALIGN (0x4)
                [!provide]                PROVIDE (_textdata, LOADADDR (.data))
                [!provide]                PROVIDE (_data, .)
                0x08002230                _textdata_start = LOADADDR (.data)
                0x20020000                _data_start = .
 *(.data)
 *(.data.*)
 *(.ramtext)
                0x20020000                . = ALIGN (0x4)
                [!provide]                PROVIDE (_edata, .)
                0x20020000                _data_end = .

.igot.plt       0x20020000        0x0 load address 0x08002230
 .igot.plt      0x20020000        0x0 build/obj/crt0_v7m.o

.bss            0x20000800      0x2c4
                0x20000800                . = ALIGN (0x4)
                0x20000800                _bss_start = .
 *(.bss)
 *(.bss.*)
 .bss.ADCD1     0x20000800       0x34 C:\Users\CYIRKO~1\AppData\Local\Temp\ccA40t7Q.ltrans1.ltrans.o
                0x20000800                ADCD1
 .bss.GPTD1     0x20000834       0x10 C:\Users\CYIRKO~1\AppData\Local\Temp\ccA40t7Q.ltrans1.ltrans.o
 .bss.ch        0x20000844       0x74 C:\Users\CYIRKO~1\AppData\Local\Temp\ccA40t7Q.ltrans1.ltrans.o
                0x20000844                ch
 .bss.ch_idle_thread_wa
                0x200008b8       0xd8 C:\Users\CYIRKO~1\AppData\Local\Temp\ccA40t7Q.ltrans1.ltrans.o
 .bss.default_heap
                0x20000990       0x20 C:\Users\CYIRKO~1\AppData\Local\Temp\ccA40t7Q.ltrans1.ltrans.o
 .bss.dma_isr_redir.lto_priv.47
                0x200009b0       0x80 C:\Users\CYIRKO~1\AppData\Local\Temp\ccA40t7Q.ltrans1.ltrans.o
                0x200009b0                dma_isr_redir.lto_priv.47
 .bss.dma_streams_mask
                0x20000a30        0x4 C:\Users\CYIRKO~1\AppData\Local\Temp\ccA40t7Q.ltrans1.ltrans.o
 .bss.endmem.lto_priv.49
                0x20000a34        0x4 C:\Users\CYIRKO~1\AppData\Local\Temp\ccA40t7Q.ltrans1.ltrans.o
                0x20000a34                endmem.lto_priv.49
 .bss.nextmem.lto_priv.48
                0x20000a38        0x4 C:\Users\CYIRKO~1\AppData\Local\Temp\ccA40t7Q.ltrans1.ltrans.o
                0x20000a38                nextmem.lto_priv.48
 .bss.samples1  0x20000a3c        0x2 C:\Users\CYIRKO~1\AppData\Local\Temp\ccA40t7Q.ltrans1.ltrans.o
 *fill*         0x20000a3e        0x2 
 .bss.sd_in_buf7
                0x20000a40       0x10 C:\Users\CYIRKO~1\AppData\Local\Temp\ccA40t7Q.ltrans1.ltrans.o
 .bss.sd_out_buf7
                0x20000a50       0x10 C:\Users\CYIRKO~1\AppData\Local\Temp\ccA40t7Q.ltrans1.ltrans.o
 .bss.value     0x20000a60        0x4 C:\Users\CYIRKO~1\AppData\Local\Temp\ccA40t7Q.ltrans1.ltrans.o
 .bss.SD7       0x20000a64       0x60 C:\Users\CYIRKO~1\AppData\Local\Temp\ccA40t7Q.ltrans2.ltrans.o
                0x20000a64                SD7
 *(COMMON)
                0x20000ac4                . = ALIGN (0x4)
                0x20000ac4                _bss_end = .
                [!provide]                PROVIDE (end, .)

.ram0_init      0x20020000        0x0 load address 0x08002230
                0x20020000                . = ALIGN (0x4)
                0x08002230                __ram0_init_text__ = LOADADDR (.ram0_init)
                0x20020000                __ram0_init__ = .
 *(.ram0_init)
 *(.ram0_init.*)
                0x20020000                . = ALIGN (0x4)

.ram0           0x20020000        0x0 load address 0x08002230
                0x20020000                . = ALIGN (0x4)
                0x20020000                __ram0_clear__ = .
 *(.ram0_clear)
 *(.ram0_clear.*)
                0x20020000                . = ALIGN (0x4)
                0x20020000                __ram0_noinit__ = .
 *(.ram0)
 *(.ram0.*)
                0x20020000                . = ALIGN (0x4)
                0x20020000                __ram0_free__ = .

.ram1_init      0x20020000        0x0 load address 0x08002230
                0x20020000                . = ALIGN (0x4)
                0x08002230                __ram1_init_text__ = LOADADDR (.ram1_init)
                0x20020000                __ram1_init__ = .
 *(.ram1_init)
 *(.ram1_init.*)
                0x20020000                . = ALIGN (0x4)

.ram1           0x20020000        0x0 load address 0x08002230
                0x20020000                . = ALIGN (0x4)
                0x20020000                __ram1_clear__ = .
 *(.ram1_clear)
 *(.ram1_clear.*)
                0x20020000                . = ALIGN (0x4)
                0x20020000                __ram1_noinit__ = .
 *(.ram1)
 *(.ram1.*)
                0x20020000                . = ALIGN (0x4)
                0x20020000                __ram1_free__ = .

.ram2_init      0x2007c000        0x0 load address 0x08002230
                0x2007c000                . = ALIGN (0x4)
                0x08002230                __ram2_init_text__ = LOADADDR (.ram2_init)
                0x2007c000                __ram2_init__ = .
 *(.ram2_init)
 *(.ram2_init.*)
                0x2007c000                . = ALIGN (0x4)

.ram2           0x2007c000        0x0 load address 0x08002230
                0x2007c000                . = ALIGN (0x4)
                0x2007c000                __ram2_clear__ = .
 *(.ram2_clear)
 *(.ram2_clear.*)
                0x2007c000                . = ALIGN (0x4)
                0x2007c000                __ram2_noinit__ = .
 *(.ram2)
 *(.ram2.*)
                0x2007c000                . = ALIGN (0x4)
                0x2007c000                __ram2_free__ = .

.ram3_init      0x20000ac4        0x0 load address 0x08002230
                0x20000ac4                . = ALIGN (0x4)
                0x08002230                __ram3_init_text__ = LOADADDR (.ram3_init)
                0x20000ac4                __ram3_init__ = .
 *(.ram3_init)
 *(.ram3_init.*)
                0x20000ac4                . = ALIGN (0x4)

.ram3           0x20000ac4        0x0 load address 0x08002230
                0x20000ac4                . = ALIGN (0x4)
                0x20000ac4                __ram3_clear__ = .
 *(.ram3_clear)
 *(.ram3_clear.*)
                0x20000ac4                . = ALIGN (0x4)
                0x20000ac4                __ram3_noinit__ = .
 *(.ram3)
 *(.ram3.*)
                0x20000ac4                . = ALIGN (0x4)
                0x20000ac4                __ram3_free__ = .

.ram4_init      0x00000000        0x0 load address 0x08002230
                0x00000000                . = ALIGN (0x4)
                0x08002230                __ram4_init_text__ = LOADADDR (.ram4_init)
                0x00000000                __ram4_init__ = .
 *(.ram4_init)
 *(.ram4_init.*)
                0x00000000                . = ALIGN (0x4)

.ram4           0x00000000        0x0 load address 0x08002230
                0x00000000                . = ALIGN (0x4)
                0x00000000                __ram4_clear__ = .
 *(.ram4_clear)
 *(.ram4_clear.*)
                0x00000000                . = ALIGN (0x4)
                0x00000000                __ram4_noinit__ = .
 *(.ram4)
 *(.ram4.*)
                0x00000000                . = ALIGN (0x4)
                0x00000000                __ram4_free__ = .

.ram5_init      0x40024000        0x0 load address 0x08002230
                0x40024000                . = ALIGN (0x4)
                0x08002230                __ram5_init_text__ = LOADADDR (.ram5_init)
                0x40024000                __ram5_init__ = .
 *(.ram5_init)
 *(.ram5_init.*)
                0x40024000                . = ALIGN (0x4)

.ram5           0x40024000        0x0 load address 0x08002230
                0x40024000                . = ALIGN (0x4)
                0x40024000                __ram5_clear__ = .
 *(.ram5_clear)
 *(.ram5_clear.*)
                0x40024000                . = ALIGN (0x4)
                0x40024000                __ram5_noinit__ = .
 *(.ram5)
 *(.ram5.*)
                0x40024000                . = ALIGN (0x4)
                0x40024000                __ram5_free__ = .

.ram6_init      0x00000000        0x0 load address 0x08002230
                0x00000000                . = ALIGN (0x4)
                0x08002230                __ram6_init_text__ = LOADADDR (.ram6_init)
                0x00000000                __ram6_init__ = .
 *(.ram6_init)
 *(.ram6_init.*)
                0x00000000                . = ALIGN (0x4)

.ram6           0x00000000        0x0 load address 0x08002230
                0x00000000                . = ALIGN (0x4)
                0x00000000                __ram6_clear__ = .
 *(.ram6_clear)
 *(.ram6_clear.*)
                0x00000000                . = ALIGN (0x4)
                0x00000000                __ram6_noinit__ = .
 *(.ram6)
 *(.ram6.*)
                0x00000000                . = ALIGN (0x4)
                0x00000000                __ram6_free__ = .

.ram7_init      0x00000000        0x0 load address 0x08002230
                0x00000000                . = ALIGN (0x4)
                0x08002230                __ram7_init_text__ = LOADADDR (.ram7_init)
                0x00000000                __ram7_init__ = .
 *(.ram7_init)
 *(.ram7_init.*)
                0x00000000                . = ALIGN (0x4)

.ram7           0x00000000        0x0 load address 0x08002230
                0x00000000                . = ALIGN (0x4)
                0x00000000                __ram7_clear__ = .
 *(.ram7_clear)
 *(.ram7_clear.*)
                0x00000000                . = ALIGN (0x4)
                0x00000000                __ram7_noinit__ = .
 *(.ram7)
 *(.ram7.*)
                0x00000000                . = ALIGN (0x4)
                0x00000000                __ram7_free__ = .

.heap           0x20020000    0x60000
                0x20020000                . = ALIGN (0x8)
                0x20020000                __heap_base__ = .
                0x20080000                . = (ORIGIN (HEAP_RAM) + LENGTH (HEAP_RAM))
 *fill*         0x20020000    0x60000 
                0x20080000                __heap_end__ = .
                0x00000400                __process_stack_size__ = 0x400
                0x00000400                __main_stack_size__ = 0x400
START GROUP
LOAD e:/chibistudio/tools/gnu tools arm embedded/6.3 2017q1/bin/../lib/gcc/arm-none-eabi/6.3.1/thumb/v7e-m\libgcc.a
LOAD e:/chibistudio/tools/gnu tools arm embedded/6.3 2017q1/bin/../lib/gcc/arm-none-eabi/6.3.1/../../../../arm-none-eabi/lib/thumb/v7e-m\libg.a
LOAD e:/chibistudio/tools/gnu tools arm embedded/6.3 2017q1/bin/../lib/gcc/arm-none-eabi/6.3.1/../../../../arm-none-eabi/lib/thumb/v7e-m\libc.a
END GROUP
OUTPUT(build/ch.elf elf32-littlearm)

.ARM.attributes
                0x00000000       0x2d
 .ARM.attributes
                0x00000000       0x21 build/obj/crt0_v7m.o
 .ARM.attributes
                0x00000021       0x21 build/obj/chcoreasm_v7m.o
 .ARM.attributes
                0x00000042       0x31 C:\Users\CYIRKO~1\AppData\Local\Temp\ccA40t7Q.ltrans0.ltrans.o
 .ARM.attributes
                0x00000073       0x31 C:\Users\CYIRKO~1\AppData\Local\Temp\ccA40t7Q.ltrans1.ltrans.o
 .ARM.attributes
                0x000000a4       0x31 C:\Users\CYIRKO~1\AppData\Local\Temp\ccA40t7Q.ltrans2.ltrans.o

.comment        0x00000000       0x7f
 .comment       0x00000000       0x7f C:\Users\CYIRKO~1\AppData\Local\Temp\ccA40t7Q.ltrans0.ltrans.o
                                 0x80 (size before relaxing)
 .comment       0x0000007f       0x80 C:\Users\CYIRKO~1\AppData\Local\Temp\ccA40t7Q.ltrans1.ltrans.o
 .comment       0x0000007f       0x80 C:\Users\CYIRKO~1\AppData\Local\Temp\ccA40t7Q.ltrans2.ltrans.o

.debug_info     0x00000000     0x79a5
 .debug_info    0x00000000     0x32e4 C:\Users\CYIRKO~1\AppData\Local\Temp\ccA40t7Q.ltrans0.ltrans.o
 .debug_info    0x000032e4     0x38f5 C:\Users\CYIRKO~1\AppData\Local\Temp\ccA40t7Q.ltrans1.ltrans.o
 .debug_info    0x00006bd9      0xdcc C:\Users\CYIRKO~1\AppData\Local\Temp\ccA40t7Q.ltrans2.ltrans.o

.debug_abbrev   0x00000000      0xefa
 .debug_abbrev  0x00000000      0x687 C:\Users\CYIRKO~1\AppData\Local\Temp\ccA40t7Q.ltrans0.ltrans.o
 .debug_abbrev  0x00000687      0x525 C:\Users\CYIRKO~1\AppData\Local\Temp\ccA40t7Q.ltrans1.ltrans.o
 .debug_abbrev  0x00000bac      0x34e C:\Users\CYIRKO~1\AppData\Local\Temp\ccA40t7Q.ltrans2.ltrans.o

.debug_loc      0x00000000     0x2fc0
 .debug_loc     0x00000000     0x1636 C:\Users\CYIRKO~1\AppData\Local\Temp\ccA40t7Q.ltrans0.ltrans.o
 .debug_loc     0x00001636      0xc65 C:\Users\CYIRKO~1\AppData\Local\Temp\ccA40t7Q.ltrans1.ltrans.o
 .debug_loc     0x0000229b      0xd25 C:\Users\CYIRKO~1\AppData\Local\Temp\ccA40t7Q.ltrans2.ltrans.o

.debug_aranges  0x00000000      0x220
 .debug_aranges
                0x00000000      0x1a0 C:\Users\CYIRKO~1\AppData\Local\Temp\ccA40t7Q.ltrans0.ltrans.o
 .debug_aranges
                0x000001a0       0x50 C:\Users\CYIRKO~1\AppData\Local\Temp\ccA40t7Q.ltrans1.ltrans.o
 .debug_aranges
                0x000001f0       0x30 C:\Users\CYIRKO~1\AppData\Local\Temp\ccA40t7Q.ltrans2.ltrans.o

.debug_ranges   0x00000000     0x1458
 .debug_ranges  0x00000000      0x4e0 C:\Users\CYIRKO~1\AppData\Local\Temp\ccA40t7Q.ltrans0.ltrans.o
 .debug_ranges  0x000004e0      0xe78 C:\Users\CYIRKO~1\AppData\Local\Temp\ccA40t7Q.ltrans1.ltrans.o
 .debug_ranges  0x00001358      0x100 C:\Users\CYIRKO~1\AppData\Local\Temp\ccA40t7Q.ltrans2.ltrans.o

.debug_line     0x00000000     0x25ec
 .debug_line    0x00000000      0xfa6 C:\Users\CYIRKO~1\AppData\Local\Temp\ccA40t7Q.ltrans0.ltrans.o
 .debug_line    0x00000fa6     0x1103 C:\Users\CYIRKO~1\AppData\Local\Temp\ccA40t7Q.ltrans1.ltrans.o
 .debug_line    0x000020a9      0x543 C:\Users\CYIRKO~1\AppData\Local\Temp\ccA40t7Q.ltrans2.ltrans.o

.debug_str      0x00000000     0x1a41
 .debug_str     0x00000000      0xd9d C:\Users\CYIRKO~1\AppData\Local\Temp\ccA40t7Q.ltrans0.ltrans.o
                                0xe6c (size before relaxing)
 .debug_str     0x00000d9d      0xb3f C:\Users\CYIRKO~1\AppData\Local\Temp\ccA40t7Q.ltrans1.ltrans.o
                               0x13c0 (size before relaxing)
 .debug_str     0x000018dc      0x165 C:\Users\CYIRKO~1\AppData\Local\Temp\ccA40t7Q.ltrans2.ltrans.o
                                0x742 (size before relaxing)

.debug_frame    0x00000000      0x6d0
 .debug_frame   0x00000000      0x580 C:\Users\CYIRKO~1\AppData\Local\Temp\ccA40t7Q.ltrans0.ltrans.o
 .debug_frame   0x00000580       0xc4 C:\Users\CYIRKO~1\AppData\Local\Temp\ccA40t7Q.ltrans1.ltrans.o
 .debug_frame   0x00000644       0x8c C:\Users\CYIRKO~1\AppData\Local\Temp\ccA40t7Q.ltrans2.ltrans.o

Cross Reference Table

Symbol                                            File
ADCD1                                             C:\Users\CYIRKO~1\AppData\Local\Temp\ccA40t7Q.ltrans1.ltrans.o
                                                  build/obj/hal_adc_lld.o (symbol from plugin)
                                                  C:\Users\CYIRKO~1\AppData\Local\Temp\ccA40t7Q.ltrans0.ltrans.o
                                                  build/obj/main.o (symbol from plugin)
BusFault_Handler                                  C:\Users\CYIRKO~1\AppData\Local\Temp\ccA40t7Q.ltrans0.ltrans.o
                                                  build/obj/vectors.o (symbol from plugin)
                                                  C:\Users\CYIRKO~1\AppData\Local\Temp\ccA40t7Q.ltrans1.ltrans.o
DebugMon_Handler                                  C:\Users\CYIRKO~1\AppData\Local\Temp\ccA40t7Q.ltrans0.ltrans.o
                                                  build/obj/vectors.o (symbol from plugin)
                                                  C:\Users\CYIRKO~1\AppData\Local\Temp\ccA40t7Q.ltrans1.ltrans.o
GPTD1                                             build/obj/hal_gpt_lld.o (symbol from plugin)
                                                  build/obj/main.o (symbol from plugin)
HardFault_Handler                                 C:\Users\CYIRKO~1\AppData\Local\Temp\ccA40t7Q.ltrans0.ltrans.o
                                                  build/obj/vectors.o (symbol from plugin)
                                                  C:\Users\CYIRKO~1\AppData\Local\Temp\ccA40t7Q.ltrans1.ltrans.o
MemManage_Handler                                 C:\Users\CYIRKO~1\AppData\Local\Temp\ccA40t7Q.ltrans0.ltrans.o
                                                  build/obj/vectors.o (symbol from plugin)
                                                  C:\Users\CYIRKO~1\AppData\Local\Temp\ccA40t7Q.ltrans1.ltrans.o
NMI_Handler                                       C:\Users\CYIRKO~1\AppData\Local\Temp\ccA40t7Q.ltrans0.ltrans.o
                                                  build/obj/vectors.o (symbol from plugin)
                                                  C:\Users\CYIRKO~1\AppData\Local\Temp\ccA40t7Q.ltrans1.ltrans.o
PendSV_Handler                                    C:\Users\CYIRKO~1\AppData\Local\Temp\ccA40t7Q.ltrans0.ltrans.o
                                                  build/obj/vectors.o (symbol from plugin)
                                                  C:\Users\CYIRKO~1\AppData\Local\Temp\ccA40t7Q.ltrans1.ltrans.o
Reset_Handler                                     build/obj/crt0_v7m.o
                                                  C:\Users\CYIRKO~1\AppData\Local\Temp\ccA40t7Q.ltrans1.ltrans.o
                                                  build/obj/vectors.o (symbol from plugin)
SD7                                               C:\Users\CYIRKO~1\AppData\Local\Temp\ccA40t7Q.ltrans2.ltrans.o
                                                  build/obj/hal_serial_lld.o (symbol from plugin)
                                                  C:\Users\CYIRKO~1\AppData\Local\Temp\ccA40t7Q.ltrans1.ltrans.o
                                                  build/obj/main.o (symbol from plugin)
SVC_Handler                                       C:\Users\CYIRKO~1\AppData\Local\Temp\ccA40t7Q.ltrans0.ltrans.o
                                                  build/obj/chcore_v7m.o (symbol from plugin)
                                                  build/obj/vectors.o (symbol from plugin)
                                                  C:\Users\CYIRKO~1\AppData\Local\Temp\ccA40t7Q.ltrans1.ltrans.o
SysTick_Handler                                   C:\Users\CYIRKO~1\AppData\Local\Temp\ccA40t7Q.ltrans0.ltrans.o
                                                  build/obj/hal_st_lld.o (symbol from plugin)
                                                  build/obj/vectors.o (symbol from plugin)
                                                  C:\Users\CYIRKO~1\AppData\Local\Temp\ccA40t7Q.ltrans1.ltrans.o
SystemCoreClock                                   build/obj/hal_lld.o (symbol from plugin)
UsageFault_Handler                                C:\Users\CYIRKO~1\AppData\Local\Temp\ccA40t7Q.ltrans0.ltrans.o
                                                  build/obj/vectors.o (symbol from plugin)
                                                  C:\Users\CYIRKO~1\AppData\Local\Temp\ccA40t7Q.ltrans1.ltrans.o
Vector100                                         C:\Users\CYIRKO~1\AppData\Local\Temp\ccA40t7Q.ltrans0.ltrans.o
                                                  build/obj/vectors.o (symbol from plugin)
                                                  C:\Users\CYIRKO~1\AppData\Local\Temp\ccA40t7Q.ltrans1.ltrans.o
Vector104                                         C:\Users\CYIRKO~1\AppData\Local\Temp\ccA40t7Q.ltrans0.ltrans.o
                                                  build/obj/vectors.o (symbol from plugin)
                                                  C:\Users\CYIRKO~1\AppData\Local\Temp\ccA40t7Q.ltrans1.ltrans.o
Vector108                                         C:\Users\CYIRKO~1\AppData\Local\Temp\ccA40t7Q.ltrans0.ltrans.o
                                                  build/obj/vectors.o (symbol from plugin)
                                                  C:\Users\CYIRKO~1\AppData\Local\Temp\ccA40t7Q.ltrans1.ltrans.o
Vector10C                                         C:\Users\CYIRKO~1\AppData\Local\Temp\ccA40t7Q.ltrans0.ltrans.o
                                                  build/obj/vectors.o (symbol from plugin)
                                                  C:\Users\CYIRKO~1\AppData\Local\Temp\ccA40t7Q.ltrans1.ltrans.o
Vector110                                         C:\Users\CYIRKO~1\AppData\Local\Temp\ccA40t7Q.ltrans0.ltrans.o
                                                  build/obj/vectors.o (symbol from plugin)
                                                  C:\Users\CYIRKO~1\AppData\Local\Temp\ccA40t7Q.ltrans1.ltrans.o
Vector114                                         C:\Users\CYIRKO~1\AppData\Local\Temp\ccA40t7Q.ltrans0.ltrans.o
                                                  build/obj/vectors.o (symbol from plugin)
                                                  C:\Users\CYIRKO~1\AppData\Local\Temp\ccA40t7Q.ltrans1.ltrans.o
Vector118                                         C:\Users\CYIRKO~1\AppData\Local\Temp\ccA40t7Q.ltrans0.ltrans.o
                                                  build/obj/vectors.o (symbol from plugin)
                                                  C:\Users\CYIRKO~1\AppData\Local\Temp\ccA40t7Q.ltrans1.ltrans.o
Vector11C                                         C:\Users\CYIRKO~1\AppData\Local\Temp\ccA40t7Q.ltrans0.ltrans.o
                                                  build/obj/vectors.o (symbol from plugin)
                                                  C:\Users\CYIRKO~1\AppData\Local\Temp\ccA40t7Q.ltrans1.ltrans.o
Vector120                                         C:\Users\CYIRKO~1\AppData\Local\Temp\ccA40t7Q.ltrans0.ltrans.o
                                                  build/obj/stm32_dma.o (symbol from plugin)
                                                  build/obj/vectors.o (symbol from plugin)
                                                  C:\Users\CYIRKO~1\AppData\Local\Temp\ccA40t7Q.ltrans1.ltrans.o
Vector124                                         C:\Users\CYIRKO~1\AppData\Local\Temp\ccA40t7Q.ltrans0.ltrans.o
                                                  build/obj/stm32_dma.o (symbol from plugin)
                                                  build/obj/vectors.o (symbol from plugin)
                                                  C:\Users\CYIRKO~1\AppData\Local\Temp\ccA40t7Q.ltrans1.ltrans.o
Vector128                                         C:\Users\CYIRKO~1\AppData\Local\Temp\ccA40t7Q.ltrans0.ltrans.o
                                                  build/obj/stm32_dma.o (symbol from plugin)
                                                  build/obj/vectors.o (symbol from plugin)
                                                  C:\Users\CYIRKO~1\AppData\Local\Temp\ccA40t7Q.ltrans1.ltrans.o
Vector12C                                         C:\Users\CYIRKO~1\AppData\Local\Temp\ccA40t7Q.ltrans0.ltrans.o
                                                  build/obj/stm32_dma.o (symbol from plugin)
                                                  build/obj/vectors.o (symbol from plugin)
                                                  C:\Users\CYIRKO~1\AppData\Local\Temp\ccA40t7Q.ltrans1.ltrans.o
Vector130                                         C:\Users\CYIRKO~1\AppData\Local\Temp\ccA40t7Q.ltrans0.ltrans.o
                                                  build/obj/stm32_dma.o (symbol from plugin)
                                                  build/obj/vectors.o (symbol from plugin)
                                                  C:\Users\CYIRKO~1\AppData\Local\Temp\ccA40t7Q.ltrans1.ltrans.o
Vector134                                         C:\Users\CYIRKO~1\AppData\Local\Temp\ccA40t7Q.ltrans0.ltrans.o
                                                  build/obj/vectors.o (symbol from plugin)
                                                  C:\Users\CYIRKO~1\AppData\Local\Temp\ccA40t7Q.ltrans1.ltrans.o
Vector138                                         C:\Users\CYIRKO~1\AppData\Local\Temp\ccA40t7Q.ltrans0.ltrans.o
                                                  build/obj/vectors.o (symbol from plugin)
                                                  C:\Users\CYIRKO~1\AppData\Local\Temp\ccA40t7Q.ltrans1.ltrans.o
Vector13C                                         C:\Users\CYIRKO~1\AppData\Local\Temp\ccA40t7Q.ltrans0.ltrans.o
                                                  build/obj/vectors.o (symbol from plugin)
                                                  C:\Users\CYIRKO~1\AppData\Local\Temp\ccA40t7Q.ltrans1.ltrans.o
Vector140                                         C:\Users\CYIRKO~1\AppData\Local\Temp\ccA40t7Q.ltrans0.ltrans.o
                                                  build/obj/vectors.o (symbol from plugin)
                                                  C:\Users\CYIRKO~1\AppData\Local\Temp\ccA40t7Q.ltrans1.ltrans.o
Vector144                                         C:\Users\CYIRKO~1\AppData\Local\Temp\ccA40t7Q.ltrans0.ltrans.o
                                                  build/obj/vectors.o (symbol from plugin)
                                                  C:\Users\CYIRKO~1\AppData\Local\Temp\ccA40t7Q.ltrans1.ltrans.o
Vector148                                         C:\Users\CYIRKO~1\AppData\Local\Temp\ccA40t7Q.ltrans0.ltrans.o
                                                  build/obj/vectors.o (symbol from plugin)
                                                  C:\Users\CYIRKO~1\AppData\Local\Temp\ccA40t7Q.ltrans1.ltrans.o
Vector14C                                         C:\Users\CYIRKO~1\AppData\Local\Temp\ccA40t7Q.ltrans0.ltrans.o
                                                  build/obj/vectors.o (symbol from plugin)
                                                  C:\Users\CYIRKO~1\AppData\Local\Temp\ccA40t7Q.ltrans1.ltrans.o
Vector150                                         C:\Users\CYIRKO~1\AppData\Local\Temp\ccA40t7Q.ltrans0.ltrans.o
                                                  build/obj/stm32_dma.o (symbol from plugin)
                                                  build/obj/vectors.o (symbol from plugin)
                                                  C:\Users\CYIRKO~1\AppData\Local\Temp\ccA40t7Q.ltrans1.ltrans.o
Vector154                                         C:\Users\CYIRKO~1\AppData\Local\Temp\ccA40t7Q.ltrans0.ltrans.o
                                                  build/obj/stm32_dma.o (symbol from plugin)
                                                  build/obj/vectors.o (symbol from plugin)
                                                  C:\Users\CYIRKO~1\AppData\Local\Temp\ccA40t7Q.ltrans1.ltrans.o
Vector158                                         C:\Users\CYIRKO~1\AppData\Local\Temp\ccA40t7Q.ltrans0.ltrans.o
                                                  build/obj/stm32_dma.o (symbol from plugin)
                                                  build/obj/vectors.o (symbol from plugin)
                                                  C:\Users\CYIRKO~1\AppData\Local\Temp\ccA40t7Q.ltrans1.ltrans.o
Vector15C                                         C:\Users\CYIRKO~1\AppData\Local\Temp\ccA40t7Q.ltrans0.ltrans.o
                                                  build/obj/vectors.o (symbol from plugin)
                                                  C:\Users\CYIRKO~1\AppData\Local\Temp\ccA40t7Q.ltrans1.ltrans.o
Vector160                                         C:\Users\CYIRKO~1\AppData\Local\Temp\ccA40t7Q.ltrans0.ltrans.o
                                                  build/obj/vectors.o (symbol from plugin)
                                                  C:\Users\CYIRKO~1\AppData\Local\Temp\ccA40t7Q.ltrans1.ltrans.o
Vector164                                         C:\Users\CYIRKO~1\AppData\Local\Temp\ccA40t7Q.ltrans0.ltrans.o
                                                  build/obj/vectors.o (symbol from plugin)
                                                  C:\Users\CYIRKO~1\AppData\Local\Temp\ccA40t7Q.ltrans1.ltrans.o
Vector168                                         C:\Users\CYIRKO~1\AppData\Local\Temp\ccA40t7Q.ltrans0.ltrans.o
                                                  build/obj/vectors.o (symbol from plugin)
                                                  C:\Users\CYIRKO~1\AppData\Local\Temp\ccA40t7Q.ltrans1.ltrans.o
Vector16C                                         C:\Users\CYIRKO~1\AppData\Local\Temp\ccA40t7Q.ltrans0.ltrans.o
                                                  build/obj/vectors.o (symbol from plugin)
                                                  C:\Users\CYIRKO~1\AppData\Local\Temp\ccA40t7Q.ltrans1.ltrans.o
Vector170                                         C:\Users\CYIRKO~1\AppData\Local\Temp\ccA40t7Q.ltrans0.ltrans.o
                                                  build/obj/vectors.o (symbol from plugin)
                                                  C:\Users\CYIRKO~1\AppData\Local\Temp\ccA40t7Q.ltrans1.ltrans.o
Vector174                                         C:\Users\CYIRKO~1\AppData\Local\Temp\ccA40t7Q.ltrans0.ltrans.o
                                                  build/obj/vectors.o (symbol from plugin)
                                                  C:\Users\CYIRKO~1\AppData\Local\Temp\ccA40t7Q.ltrans1.ltrans.o
Vector178                                         C:\Users\CYIRKO~1\AppData\Local\Temp\ccA40t7Q.ltrans0.ltrans.o
                                                  build/obj/vectors.o (symbol from plugin)
                                                  C:\Users\CYIRKO~1\AppData\Local\Temp\ccA40t7Q.ltrans1.ltrans.o
Vector17C                                         C:\Users\CYIRKO~1\AppData\Local\Temp\ccA40t7Q.ltrans0.ltrans.o
                                                  build/obj/vectors.o (symbol from plugin)
                                                  C:\Users\CYIRKO~1\AppData\Local\Temp\ccA40t7Q.ltrans1.ltrans.o
Vector180                                         C:\Users\CYIRKO~1\AppData\Local\Temp\ccA40t7Q.ltrans0.ltrans.o
                                                  build/obj/vectors.o (symbol from plugin)
                                                  C:\Users\CYIRKO~1\AppData\Local\Temp\ccA40t7Q.ltrans1.ltrans.o
Vector184                                         C:\Users\CYIRKO~1\AppData\Local\Temp\ccA40t7Q.ltrans0.ltrans.o
                                                  build/obj/vectors.o (symbol from plugin)
                                                  C:\Users\CYIRKO~1\AppData\Local\Temp\ccA40t7Q.ltrans1.ltrans.o
Vector188                                         build/obj/hal_serial_lld.o (symbol from plugin)
                                                  build/obj/vectors.o (symbol from plugin)
Vector18C                                         C:\Users\CYIRKO~1\AppData\Local\Temp\ccA40t7Q.ltrans0.ltrans.o
                                                  build/obj/vectors.o (symbol from plugin)
                                                  C:\Users\CYIRKO~1\AppData\Local\Temp\ccA40t7Q.ltrans1.ltrans.o
Vector190                                         C:\Users\CYIRKO~1\AppData\Local\Temp\ccA40t7Q.ltrans0.ltrans.o
                                                  build/obj/vectors.o (symbol from plugin)
                                                  C:\Users\CYIRKO~1\AppData\Local\Temp\ccA40t7Q.ltrans1.ltrans.o
Vector194                                         C:\Users\CYIRKO~1\AppData\Local\Temp\ccA40t7Q.ltrans0.ltrans.o
                                                  build/obj/vectors.o (symbol from plugin)
                                                  C:\Users\CYIRKO~1\AppData\Local\Temp\ccA40t7Q.ltrans1.ltrans.o
Vector198                                         C:\Users\CYIRKO~1\AppData\Local\Temp\ccA40t7Q.ltrans0.ltrans.o
                                                  build/obj/vectors.o (symbol from plugin)
                                                  C:\Users\CYIRKO~1\AppData\Local\Temp\ccA40t7Q.ltrans1.ltrans.o
Vector19C                                         C:\Users\CYIRKO~1\AppData\Local\Temp\ccA40t7Q.ltrans0.ltrans.o
                                                  build/obj/vectors.o (symbol from plugin)
                                                  C:\Users\CYIRKO~1\AppData\Local\Temp\ccA40t7Q.ltrans1.ltrans.o
Vector1A0                                         C:\Users\CYIRKO~1\AppData\Local\Temp\ccA40t7Q.ltrans0.ltrans.o
                                                  build/obj/vectors.o (symbol from plugin)
                                                  C:\Users\CYIRKO~1\AppData\Local\Temp\ccA40t7Q.ltrans1.ltrans.o
Vector1A4                                         C:\Users\CYIRKO~1\AppData\Local\Temp\ccA40t7Q.ltrans0.ltrans.o
                                                  build/obj/vectors.o (symbol from plugin)
                                                  C:\Users\CYIRKO~1\AppData\Local\Temp\ccA40t7Q.ltrans1.ltrans.o
Vector1A8                                         C:\Users\CYIRKO~1\AppData\Local\Temp\ccA40t7Q.ltrans0.ltrans.o
                                                  build/obj/vectors.o (symbol from plugin)
                                                  C:\Users\CYIRKO~1\AppData\Local\Temp\ccA40t7Q.ltrans1.ltrans.o
Vector1AC                                         C:\Users\CYIRKO~1\AppData\Local\Temp\ccA40t7Q.ltrans0.ltrans.o
                                                  build/obj/vectors.o (symbol from plugin)
                                                  C:\Users\CYIRKO~1\AppData\Local\Temp\ccA40t7Q.ltrans1.ltrans.o
Vector1B0                                         C:\Users\CYIRKO~1\AppData\Local\Temp\ccA40t7Q.ltrans0.ltrans.o
                                                  build/obj/vectors.o (symbol from plugin)
                                                  C:\Users\CYIRKO~1\AppData\Local\Temp\ccA40t7Q.ltrans1.ltrans.o
Vector1B4                                         C:\Users\CYIRKO~1\AppData\Local\Temp\ccA40t7Q.ltrans0.ltrans.o
                                                  build/obj/vectors.o (symbol from plugin)
                                                  C:\Users\CYIRKO~1\AppData\Local\Temp\ccA40t7Q.ltrans1.ltrans.o
Vector1B8                                         C:\Users\CYIRKO~1\AppData\Local\Temp\ccA40t7Q.ltrans0.ltrans.o
                                                  build/obj/vectors.o (symbol from plugin)
                                                  C:\Users\CYIRKO~1\AppData\Local\Temp\ccA40t7Q.ltrans1.ltrans.o
Vector1BC                                         C:\Users\CYIRKO~1\AppData\Local\Temp\ccA40t7Q.ltrans0.ltrans.o
                                                  build/obj/vectors.o (symbol from plugin)
                                                  C:\Users\CYIRKO~1\AppData\Local\Temp\ccA40t7Q.ltrans1.ltrans.o
Vector1C                                          C:\Users\CYIRKO~1\AppData\Local\Temp\ccA40t7Q.ltrans0.ltrans.o
                                                  build/obj/vectors.o (symbol from plugin)
                                                  C:\Users\CYIRKO~1\AppData\Local\Temp\ccA40t7Q.ltrans1.ltrans.o
Vector1C0                                         C:\Users\CYIRKO~1\AppData\Local\Temp\ccA40t7Q.ltrans0.ltrans.o
                                                  build/obj/vectors.o (symbol from plugin)
                                                  C:\Users\CYIRKO~1\AppData\Local\Temp\ccA40t7Q.ltrans1.ltrans.o
Vector1C4                                         C:\Users\CYIRKO~1\AppData\Local\Temp\ccA40t7Q.ltrans0.ltrans.o
                                                  build/obj/vectors.o (symbol from plugin)
                                                  C:\Users\CYIRKO~1\AppData\Local\Temp\ccA40t7Q.ltrans1.ltrans.o
Vector1C8                                         C:\Users\CYIRKO~1\AppData\Local\Temp\ccA40t7Q.ltrans0.ltrans.o
                                                  build/obj/vectors.o (symbol from plugin)
                                                  C:\Users\CYIRKO~1\AppData\Local\Temp\ccA40t7Q.ltrans1.ltrans.o
Vector1CC                                         C:\Users\CYIRKO~1\AppData\Local\Temp\ccA40t7Q.ltrans0.ltrans.o
                                                  build/obj/vectors.o (symbol from plugin)
                                                  C:\Users\CYIRKO~1\AppData\Local\Temp\ccA40t7Q.ltrans1.ltrans.o
Vector1D0                                         C:\Users\CYIRKO~1\AppData\Local\Temp\ccA40t7Q.ltrans0.ltrans.o
                                                  build/obj/vectors.o (symbol from plugin)
                                                  C:\Users\CYIRKO~1\AppData\Local\Temp\ccA40t7Q.ltrans1.ltrans.o
Vector1D4                                         C:\Users\CYIRKO~1\AppData\Local\Temp\ccA40t7Q.ltrans0.ltrans.o
                                                  build/obj/vectors.o (symbol from plugin)
                                                  C:\Users\CYIRKO~1\AppData\Local\Temp\ccA40t7Q.ltrans1.ltrans.o
Vector1D8                                         C:\Users\CYIRKO~1\AppData\Local\Temp\ccA40t7Q.ltrans0.ltrans.o
                                                  build/obj/vectors.o (symbol from plugin)
                                                  C:\Users\CYIRKO~1\AppData\Local\Temp\ccA40t7Q.ltrans1.ltrans.o
Vector1DC                                         C:\Users\CYIRKO~1\AppData\Local\Temp\ccA40t7Q.ltrans0.ltrans.o
                                                  build/obj/vectors.o (symbol from plugin)
                                                  C:\Users\CYIRKO~1\AppData\Local\Temp\ccA40t7Q.ltrans1.ltrans.o
Vector1E0                                         C:\Users\CYIRKO~1\AppData\Local\Temp\ccA40t7Q.ltrans0.ltrans.o
                                                  build/obj/vectors.o (symbol from plugin)
                                                  C:\Users\CYIRKO~1\AppData\Local\Temp\ccA40t7Q.ltrans1.ltrans.o
Vector1E4                                         C:\Users\CYIRKO~1\AppData\Local\Temp\ccA40t7Q.ltrans0.ltrans.o
                                                  build/obj/vectors.o (symbol from plugin)
                                                  C:\Users\CYIRKO~1\AppData\Local\Temp\ccA40t7Q.ltrans1.ltrans.o
Vector1E8                                         C:\Users\CYIRKO~1\AppData\Local\Temp\ccA40t7Q.ltrans0.ltrans.o
                                                  build/obj/vectors.o (symbol from plugin)
                                                  C:\Users\CYIRKO~1\AppData\Local\Temp\ccA40t7Q.ltrans1.ltrans.o
Vector1EC                                         C:\Users\CYIRKO~1\AppData\Local\Temp\ccA40t7Q.ltrans0.ltrans.o
                                                  build/obj/vectors.o (symbol from plugin)
                                                  C:\Users\CYIRKO~1\AppData\Local\Temp\ccA40t7Q.ltrans1.ltrans.o
Vector1F0                                         C:\Users\CYIRKO~1\AppData\Local\Temp\ccA40t7Q.ltrans0.ltrans.o
                                                  build/obj/vectors.o (symbol from plugin)
                                                  C:\Users\CYIRKO~1\AppData\Local\Temp\ccA40t7Q.ltrans1.ltrans.o
Vector1F4                                         C:\Users\CYIRKO~1\AppData\Local\Temp\ccA40t7Q.ltrans0.ltrans.o
                                                  build/obj/vectors.o (symbol from plugin)
                                                  C:\Users\CYIRKO~1\AppData\Local\Temp\ccA40t7Q.ltrans1.ltrans.o
Vector1F8                                         C:\Users\CYIRKO~1\AppData\Local\Temp\ccA40t7Q.ltrans0.ltrans.o
                                                  build/obj/vectors.o (symbol from plugin)
                                                  C:\Users\CYIRKO~1\AppData\Local\Temp\ccA40t7Q.ltrans1.ltrans.o
Vector1FC                                         C:\Users\CYIRKO~1\AppData\Local\Temp\ccA40t7Q.ltrans0.ltrans.o
                                                  build/obj/vectors.o (symbol from plugin)
                                                  C:\Users\CYIRKO~1\AppData\Local\Temp\ccA40t7Q.ltrans1.ltrans.o
Vector20                                          C:\Users\CYIRKO~1\AppData\Local\Temp\ccA40t7Q.ltrans0.ltrans.o
                                                  build/obj/vectors.o (symbol from plugin)
                                                  C:\Users\CYIRKO~1\AppData\Local\Temp\ccA40t7Q.ltrans1.ltrans.o
Vector24                                          C:\Users\CYIRKO~1\AppData\Local\Temp\ccA40t7Q.ltrans0.ltrans.o
                                                  build/obj/vectors.o (symbol from plugin)
                                                  C:\Users\CYIRKO~1\AppData\Local\Temp\ccA40t7Q.ltrans1.ltrans.o
Vector28                                          C:\Users\CYIRKO~1\AppData\Local\Temp\ccA40t7Q.ltrans0.ltrans.o
                                                  build/obj/vectors.o (symbol from plugin)
                                                  C:\Users\CYIRKO~1\AppData\Local\Temp\ccA40t7Q.ltrans1.ltrans.o
Vector34                                          C:\Users\CYIRKO~1\AppData\Local\Temp\ccA40t7Q.ltrans0.ltrans.o
                                                  build/obj/vectors.o (symbol from plugin)
                                                  C:\Users\CYIRKO~1\AppData\Local\Temp\ccA40t7Q.ltrans1.ltrans.o
Vector40                                          C:\Users\CYIRKO~1\AppData\Local\Temp\ccA40t7Q.ltrans0.ltrans.o
                                                  build/obj/vectors.o (symbol from plugin)
                                                  C:\Users\CYIRKO~1\AppData\Local\Temp\ccA40t7Q.ltrans1.ltrans.o
Vector44                                          C:\Users\CYIRKO~1\AppData\Local\Temp\ccA40t7Q.ltrans0.ltrans.o
                                                  build/obj/vectors.o (symbol from plugin)
                                                  C:\Users\CYIRKO~1\AppData\Local\Temp\ccA40t7Q.ltrans1.ltrans.o
Vector48                                          C:\Users\CYIRKO~1\AppData\Local\Temp\ccA40t7Q.ltrans0.ltrans.o
                                                  build/obj/vectors.o (symbol from plugin)
                                                  C:\Users\CYIRKO~1\AppData\Local\Temp\ccA40t7Q.ltrans1.ltrans.o
Vector4C                                          C:\Users\CYIRKO~1\AppData\Local\Temp\ccA40t7Q.ltrans0.ltrans.o
                                                  build/obj/vectors.o (symbol from plugin)
                                                  C:\Users\CYIRKO~1\AppData\Local\Temp\ccA40t7Q.ltrans1.ltrans.o
Vector50                                          C:\Users\CYIRKO~1\AppData\Local\Temp\ccA40t7Q.ltrans0.ltrans.o
                                                  build/obj/vectors.o (symbol from plugin)
                                                  C:\Users\CYIRKO~1\AppData\Local\Temp\ccA40t7Q.ltrans1.ltrans.o
Vector54                                          C:\Users\CYIRKO~1\AppData\Local\Temp\ccA40t7Q.ltrans0.ltrans.o
                                                  build/obj/vectors.o (symbol from plugin)
                                                  C:\Users\CYIRKO~1\AppData\Local\Temp\ccA40t7Q.ltrans1.ltrans.o
Vector58                                          C:\Users\CYIRKO~1\AppData\Local\Temp\ccA40t7Q.ltrans0.ltrans.o
                                                  build/obj/vectors.o (symbol from plugin)
                                                  C:\Users\CYIRKO~1\AppData\Local\Temp\ccA40t7Q.ltrans1.ltrans.o
Vector5C                                          C:\Users\CYIRKO~1\AppData\Local\Temp\ccA40t7Q.ltrans0.ltrans.o
                                                  build/obj/vectors.o (symbol from plugin)
                                                  C:\Users\CYIRKO~1\AppData\Local\Temp\ccA40t7Q.ltrans1.ltrans.o
Vector60                                          C:\Users\CYIRKO~1\AppData\Local\Temp\ccA40t7Q.ltrans0.ltrans.o
                                                  build/obj/vectors.o (symbol from plugin)
                                                  C:\Users\CYIRKO~1\AppData\Local\Temp\ccA40t7Q.ltrans1.ltrans.o
Vector64                                          C:\Users\CYIRKO~1\AppData\Local\Temp\ccA40t7Q.ltrans0.ltrans.o
                                                  build/obj/vectors.o (symbol from plugin)
                                                  C:\Users\CYIRKO~1\AppData\Local\Temp\ccA40t7Q.ltrans1.ltrans.o
Vector68                                          C:\Users\CYIRKO~1\AppData\Local\Temp\ccA40t7Q.ltrans0.ltrans.o
                                                  build/obj/vectors.o (symbol from plugin)
                                                  C:\Users\CYIRKO~1\AppData\Local\Temp\ccA40t7Q.ltrans1.ltrans.o
Vector6C                                          C:\Users\CYIRKO~1\AppData\Local\Temp\ccA40t7Q.ltrans0.ltrans.o
                                                  build/obj/stm32_dma.o (symbol from plugin)
                                                  build/obj/vectors.o (symbol from plugin)
                                                  C:\Users\CYIRKO~1\AppData\Local\Temp\ccA40t7Q.ltrans1.ltrans.o
Vector70                                          C:\Users\CYIRKO~1\AppData\Local\Temp\ccA40t7Q.ltrans0.ltrans.o
                                                  build/obj/stm32_dma.o (symbol from plugin)
                                                  build/obj/vectors.o (symbol from plugin)
                                                  C:\Users\CYIRKO~1\AppData\Local\Temp\ccA40t7Q.ltrans1.ltrans.o
Vector74                                          C:\Users\CYIRKO~1\AppData\Local\Temp\ccA40t7Q.ltrans0.ltrans.o
                                                  build/obj/stm32_dma.o (symbol from plugin)
                                                  build/obj/vectors.o (symbol from plugin)
                                                  C:\Users\CYIRKO~1\AppData\Local\Temp\ccA40t7Q.ltrans1.ltrans.o
Vector78                                          C:\Users\CYIRKO~1\AppData\Local\Temp\ccA40t7Q.ltrans0.ltrans.o
                                                  build/obj/stm32_dma.o (symbol from plugin)
                                                  build/obj/vectors.o (symbol from plugin)
                                                  C:\Users\CYIRKO~1\AppData\Local\Temp\ccA40t7Q.ltrans1.ltrans.o
Vector7C                                          C:\Users\CYIRKO~1\AppData\Local\Temp\ccA40t7Q.ltrans0.ltrans.o
                                                  build/obj/stm32_dma.o (symbol from plugin)
                                                  build/obj/vectors.o (symbol from plugin)
                                                  C:\Users\CYIRKO~1\AppData\Local\Temp\ccA40t7Q.ltrans1.ltrans.o
Vector80                                          C:\Users\CYIRKO~1\AppData\Local\Temp\ccA40t7Q.ltrans0.ltrans.o
                                                  build/obj/stm32_dma.o (symbol from plugin)
                                                  build/obj/vectors.o (symbol from plugin)
                                                  C:\Users\CYIRKO~1\AppData\Local\Temp\ccA40t7Q.ltrans1.ltrans.o
Vector84                                          C:\Users\CYIRKO~1\AppData\Local\Temp\ccA40t7Q.ltrans0.ltrans.o
                                                  build/obj/stm32_dma.o (symbol from plugin)
                                                  build/obj/vectors.o (symbol from plugin)
                                                  C:\Users\CYIRKO~1\AppData\Local\Temp\ccA40t7Q.ltrans1.ltrans.o
Vector88                                          C:\Users\CYIRKO~1\AppData\Local\Temp\ccA40t7Q.ltrans0.ltrans.o
                                                  build/obj/hal_adc_lld.o (symbol from plugin)
                                                  build/obj/vectors.o (symbol from plugin)
                                                  C:\Users\CYIRKO~1\AppData\Local\Temp\ccA40t7Q.ltrans1.ltrans.o
Vector8C                                          C:\Users\CYIRKO~1\AppData\Local\Temp\ccA40t7Q.ltrans0.ltrans.o
                                                  build/obj/vectors.o (symbol from plugin)
                                                  C:\Users\CYIRKO~1\AppData\Local\Temp\ccA40t7Q.ltrans1.ltrans.o
[...]
chSysIntegrityCheckI                              build/obj/chsys.o (symbol from plugin)
chSysIsCounterWithinX                             build/obj/chsys.o (symbol from plugin)
chSysPolledDelayX                                 build/obj/chsys.o (symbol from plugin)
chSysRestoreStatusX                               build/obj/chsys.o (symbol from plugin)
chSysTimerHandlerI                                build/obj/chsys.o (symbol from plugin)
                                                  build/obj/hal_st_lld.o (symbol from plugin)
chTMChainMeasurementToX                           build/obj/chtm.o (symbol from plugin)
chTMObjectInit                                    build/obj/chtm.o (symbol from plugin)
chTMStartMeasurementX                             build/obj/chtm.o (symbol from plugin)
chTMStartMeasurementX.constprop.32                C:\Users\CYIRKO~1\AppData\Local\Temp\ccA40t7Q.ltrans2.ltrans.o
                                                  C:\Users\CYIRKO~1\AppData\Local\Temp\ccA40t7Q.ltrans1.ltrans.o
chTMStopMeasurementX                              C:\Users\CYIRKO~1\AppData\Local\Temp\ccA40t7Q.ltrans0.ltrans.o
                                                  build/obj/chtm.o (symbol from plugin)
                                                  C:\Users\CYIRKO~1\AppData\Local\Temp\ccA40t7Q.ltrans1.ltrans.o
chThdAddRef                                       build/obj/chthreads.o (symbol from plugin)
chThdCreate                                       build/obj/chthreads.o (symbol from plugin)
                                                  build/obj/chsys.o (symbol from plugin)
chThdCreateFromHeap                               build/obj/chdynamic.o (symbol from plugin)
chThdCreateFromMemoryPool                         build/obj/chdynamic.o (symbol from plugin)
chThdCreateI                                      build/obj/chthreads.o (symbol from plugin)
chThdCreateStatic                                 build/obj/chthreads.o (symbol from plugin)
chThdCreateSuspended                              build/obj/chthreads.o (symbol from plugin)
chThdCreateSuspendedI                             build/obj/chthreads.o (symbol from plugin)
                                                  build/obj/chdynamic.o (symbol from plugin)
chThdDequeueAllI                                  build/obj/chthreads.o (symbol from plugin)
                                                  build/obj/hal_queues.o (symbol from plugin)
                                                  build/obj/hal_buffers.o (symbol from plugin)
                                                  build/obj/chmboxes.o (symbol from plugin)
chThdDequeueNextI                                 build/obj/chthreads.o (symbol from plugin)
                                                  build/obj/hal_queues.o (symbol from plugin)
                                                  build/obj/hal_buffers.o (symbol from plugin)
                                                  build/obj/chmboxes.o (symbol from plugin)
chThdEnqueueTimeoutS                              build/obj/chthreads.o (symbol from plugin)
                                                  build/obj/hal_queues.o (symbol from plugin)
                                                  build/obj/hal_buffers.o (symbol from plugin)
                                                  build/obj/chmboxes.o (symbol from plugin)
chThdExit                                         C:\Users\CYIRKO~1\AppData\Local\Temp\ccA40t7Q.ltrans0.ltrans.o
                                                  build/obj/chthreads.o (symbol from plugin)
                                                  build/obj/chcoreasm_v7m.o
chThdExitS                                        build/obj/chthreads.o (symbol from plugin)
chThdRelease                                      build/obj/chthreads.o (symbol from plugin)
                                                  build/obj/chregistry.o (symbol from plugin)
chThdResume                                       build/obj/chthreads.o (symbol from plugin)
chThdResumeI                                      build/obj/chthreads.o (symbol from plugin)
                                                  build/obj/hal_adc_lld.o (symbol from plugin)
                                                  build/obj/hal_adc.o (symbol from plugin)
chThdResumeS                                      build/obj/chthreads.o (symbol from plugin)
                                                  build/obj/hal_adc.o (symbol from plugin)
chThdSetPriority                                  build/obj/chthreads.o (symbol from plugin)
chThdSleep                                        build/obj/chthreads.o (symbol from plugin)
                                                  build/obj/main.o (symbol from plugin)
chThdSleepUntil                                   build/obj/chthreads.o (symbol from plugin)
chThdSleepUntilWindowed                           build/obj/chthreads.o (symbol from plugin)
chThdStart                                        build/obj/chthreads.o (symbol from plugin)
chThdSuspendS                                     build/obj/chthreads.o (symbol from plugin)
                                                  build/obj/hal_adc.o (symbol from plugin)
chThdSuspendTimeoutS                              build/obj/chthreads.o (symbol from plugin)
chThdTerminate                                    build/obj/chthreads.o (symbol from plugin)
chThdWait                                         build/obj/chthreads.o (symbol from plugin)
chThdYield                                        build/obj/chthreads.o (symbol from plugin)
chVTDoResetI                                      build/obj/chvt.o (symbol from plugin)
                                                  build/obj/chschd.o (symbol from plugin)
chVTDoSetI                                        build/obj/chvt.o (symbol from plugin)
                                                  build/obj/chschd.o (symbol from plugin)
ch_debug                                          build/obj/chregistry.o (symbol from plugin)
                                                  build/obj/chsys.o (symbol from plugin)
ch_idle_thread_wa                                 build/obj/chsys.o (symbol from plugin)
chprintf                                          build/obj/chprintf.o (symbol from plugin)
                                                  build/obj/main.o (symbol from plugin)
chprintf.constprop.0                              C:\Users\CYIRKO~1\AppData\Local\Temp\ccA40t7Q.ltrans2.ltrans.o
                                                  C:\Users\CYIRKO~1\AppData\Local\Temp\ccA40t7Q.ltrans1.ltrans.o
chsnprintf                                        build/obj/chprintf.o (symbol from plugin)
chvprintf                                         build/obj/chprintf.o (symbol from plugin)
dmaInit                                           build/obj/stm32_dma.o (symbol from plugin)
                                                  build/obj/hal_lld.o (symbol from plugin)
dmaStreamAllocate                                 build/obj/stm32_dma.o (symbol from plugin)
                                                  build/obj/hal_adc_lld.o (symbol from plugin)
dmaStreamRelease                                  build/obj/stm32_dma.o (symbol from plugin)
                                                  build/obj/hal_adc_lld.o (symbol from plugin)
dma_isr_redir.lto_priv.47                         C:\Users\CYIRKO~1\AppData\Local\Temp\ccA40t7Q.ltrans1.ltrans.o
                                                  C:\Users\CYIRKO~1\AppData\Local\Temp\ccA40t7Q.ltrans0.ltrans.o
endmem.lto_priv.49                                C:\Users\CYIRKO~1\AppData\Local\Temp\ccA40t7Q.ltrans1.ltrans.o
                                                  C:\Users\CYIRKO~1\AppData\Local\Temp\ccA40t7Q.ltrans0.ltrans.o
gptChangeInterval                                 build/obj/hal_gpt.o (symbol from plugin)
gptInit                                           build/obj/hal_gpt.o (symbol from plugin)
                                                  build/obj/hal.o (symbol from plugin)
gptObjectInit                                     build/obj/hal_gpt.o (symbol from plugin)
                                                  build/obj/hal_gpt_lld.o (symbol from plugin)
gptPolledDelay                                    build/obj/hal_gpt.o (symbol from plugin)
gptStart                                          build/obj/hal_gpt.o (symbol from plugin)
                                                  build/obj/main.o (symbol from plugin)
gptStartContinuous                                build/obj/hal_gpt.o (symbol from plugin)
                                                  build/obj/main.o (symbol from plugin)
gptStartContinuousI                               build/obj/hal_gpt.o (symbol from plugin)
gptStartOneShot                                   build/obj/hal_gpt.o (symbol from plugin)
gptStartOneShotI                                  build/obj/hal_gpt.o (symbol from plugin)
gptStop                                           build/obj/hal_gpt.o (symbol from plugin)
gptStopTimer                                      build/obj/hal_gpt.o (symbol from plugin)
gptStopTimerI                                     build/obj/hal_gpt.o (symbol from plugin)
gpt_lld_init                                      build/obj/hal_gpt_lld.o (symbol from plugin)
                                                  build/obj/hal_gpt.o (symbol from plugin)
gpt_lld_polled_delay                              build/obj/hal_gpt_lld.o (symbol from plugin)
                                                  build/obj/hal_gpt.o (symbol from plugin)
gpt_lld_serve_interrupt                           build/obj/hal_gpt_lld.o (symbol from plugin)
gpt_lld_start                                     build/obj/hal_gpt_lld.o (symbol from plugin)
                                                  build/obj/hal_gpt.o (symbol from plugin)
gpt_lld_start_timer                               build/obj/hal_gpt_lld.o (symbol from plugin)
                                                  build/obj/hal_gpt.o (symbol from plugin)
gpt_lld_stop                                      build/obj/hal_gpt_lld.o (symbol from plugin)
                                                  build/obj/hal_gpt.o (symbol from plugin)
gpt_lld_stop_timer                                build/obj/hal_gpt_lld.o (symbol from plugin)
                                                  build/obj/hal_gpt.o (symbol from plugin)
halInit                                           build/obj/hal.o (symbol from plugin)
                                                  build/obj/main.o (symbol from plugin)
hal_lld_init                                      build/obj/hal_lld.o (symbol from plugin)
                                                  build/obj/hal.o (symbol from plugin)
ibqGetEmptyBufferI                                build/obj/hal_buffers.o (symbol from plugin)
ibqGetFullBufferTimeout                           build/obj/hal_buffers.o (symbol from plugin)
ibqGetFullBufferTimeoutS                          build/obj/hal_buffers.o (symbol from plugin)
ibqGetTimeout                                     build/obj/hal_buffers.o (symbol from plugin)
ibqObjectInit                                     build/obj/hal_buffers.o (symbol from plugin)
ibqPostFullBufferI                                build/obj/hal_buffers.o (symbol from plugin)
ibqReadTimeout                                    build/obj/hal_buffers.o (symbol from plugin)
ibqReleaseEmptyBuffer                             build/obj/hal_buffers.o (symbol from plugin)
ibqReleaseEmptyBufferS                            build/obj/hal_buffers.o (symbol from plugin)
ibqResetI                                         build/obj/hal_buffers.o (symbol from plugin)
iqGetTimeout                                      build/obj/hal_queues.o (symbol from plugin)
                                                  build/obj/hal_serial.o (symbol from plugin)
iqObjectInit                                      build/obj/hal_queues.o (symbol from plugin)
                                                  build/obj/hal_serial_lld.o (symbol from plugin)
iqPutI                                            build/obj/hal_queues.o (symbol from plugin)
                                                  build/obj/hal_serial.o (symbol from plugin)
iqReadTimeout                                     build/obj/hal_queues.o (symbol from plugin)
                                                  build/obj/hal_serial.o (symbol from plugin)
iqResetI                                          build/obj/hal_queues.o (symbol from plugin)
                                                  build/obj/hal_serial.o (symbol from plugin)
main                                              C:\Users\CYIRKO~1\AppData\Local\Temp\ccA40t7Q.ltrans1.ltrans.o
                                                  build/obj/main.o (symbol from plugin)
                                                  build/obj/crt0_v7m.o
msObjectInit                                      build/obj/memstreams.o (symbol from plugin)
                                                  build/obj/chprintf.o (symbol from plugin)
nextmem.lto_priv.48                               C:\Users\CYIRKO~1\AppData\Local\Temp\ccA40t7Q.ltrans1.ltrans.o
                                                  C:\Users\CYIRKO~1\AppData\Local\Temp\ccA40t7Q.ltrans0.ltrans.o
nullObjectInit                                    build/obj/nullstreams.o (symbol from plugin)
nvicClearPending                                  build/obj/nvic.o (symbol from plugin)
nvicDisableVector                                 build/obj/nvic.o (symbol from plugin)
                                                  build/obj/hal_gpt_lld.o (symbol from plugin)
                                                  build/obj/stm32_dma.o (symbol from plugin)
nvicEnableVector                                  build/obj/nvic.o (symbol from plugin)
                                                  build/obj/hal_serial_lld.o (symbol from plugin)
                                                  build/obj/hal_gpt_lld.o (symbol from plugin)
                                                  build/obj/stm32_dma.o (symbol from plugin)
                                                  build/obj/hal_adc_lld.o (symbol from plugin)
nvicSetSystemHandlerPriority                      build/obj/nvic.o (symbol from plugin)
                                                  build/obj/hal_st_lld.o (symbol from plugin)
obqFlush                                          build/obj/hal_buffers.o (symbol from plugin)
obqGetEmptyBufferTimeout                          build/obj/hal_buffers.o (symbol from plugin)
obqGetEmptyBufferTimeoutS                         build/obj/hal_buffers.o (symbol from plugin)
obqGetFullBufferI                                 build/obj/hal_buffers.o (symbol from plugin)
obqObjectInit                                     build/obj/hal_buffers.o (symbol from plugin)
obqPostFullBuffer                                 build/obj/hal_buffers.o (symbol from plugin)
obqPostFullBufferS                                build/obj/hal_buffers.o (symbol from plugin)
obqPutTimeout                                     build/obj/hal_buffers.o (symbol from plugin)
obqReleaseEmptyBufferI                            build/obj/hal_buffers.o (symbol from plugin)
obqResetI                                         build/obj/hal_buffers.o (symbol from plugin)
obqTryFlushI                                      build/obj/hal_buffers.o (symbol from plugin)
obqWriteTimeout                                   build/obj/hal_buffers.o (symbol from plugin)
oqGetI                                            build/obj/hal_queues.o (symbol from plugin)
                                                  build/obj/hal_serial_lld.o (symbol from plugin)
                                                  build/obj/hal_serial.o (symbol from plugin)
oqObjectInit                                      build/obj/hal_queues.o (symbol from plugin)
                                                  build/obj/hal_serial_lld.o (symbol from plugin)
oqPutTimeout                                      build/obj/hal_queues.o (symbol from plugin)
                                                  build/obj/hal_serial.o (symbol from plugin)
oqResetI                                          build/obj/hal_queues.o (symbol from plugin)
                                                  build/obj/hal_serial.o (symbol from plugin)
oqWriteTimeout                                    build/obj/hal_queues.o (symbol from plugin)
                                                  build/obj/hal_serial.o (symbol from plugin)
palReadBus                                        build/obj/hal_pal.o (symbol from plugin)
palSetBusMode                                     build/obj/hal_pal.o (symbol from plugin)
palWriteBus                                       build/obj/hal_pal.o (symbol from plugin)
pal_default_config                                build/obj/board.o (symbol from plugin)
                                                  build/obj/hal.o (symbol from plugin)
sd7_init                                          build/obj/main.o (symbol from plugin)
sdGetWouldBlock                                   build/obj/hal_serial.o (symbol from plugin)
sdIncomingDataI                                   build/obj/hal_serial.o (symbol from plugin)
                                                  build/obj/hal_serial_lld.o (symbol from plugin)
sdInit                                            build/obj/hal_serial.o (symbol from plugin)
                                                  build/obj/hal.o (symbol from plugin)
sdObjectInit                                      build/obj/hal_serial.o (symbol from plugin)
                                                  build/obj/hal_serial_lld.o (symbol from plugin)
sdPutWouldBlock                                   build/obj/hal_serial.o (symbol from plugin)
sdRequestDataI                                    build/obj/hal_serial.o (symbol from plugin)
sdStart                                           build/obj/hal_serial.o (symbol from plugin)
                                                  build/obj/main.o (symbol from plugin)
sdStop                                            build/obj/hal_serial.o (symbol from plugin)
sd_lld_init                                       build/obj/hal_serial_lld.o (symbol from plugin)
                                                  build/obj/hal_serial.o (symbol from plugin)
sd_lld_start                                      build/obj/hal_serial_lld.o (symbol from plugin)
                                                  build/obj/hal_serial.o (symbol from plugin)
sd_lld_stop                                       build/obj/hal_serial_lld.o (symbol from plugin)
                                                  build/obj/hal_serial.o (symbol from plugin)
stGetAlarm                                        build/obj/hal_st.o (symbol from plugin)
stInit                                            build/obj/hal_st.o (symbol from plugin)
                                                  build/obj/hal.o (symbol from plugin)
stSetAlarm                                        build/obj/hal_st.o (symbol from plugin)
stStartAlarm                                      build/obj/hal_st.o (symbol from plugin)
stStopAlarm                                       build/obj/hal_st.o (symbol from plugin)
st_lld_init                                       build/obj/hal_st_lld.o (symbol from plugin)
                                                  build/obj/hal_st.o (symbol from plugin)
stm32_clock_init                                  build/obj/hal_lld.o (symbol from plugin)
                                                  build/obj/board.o (symbol from plugin)
value                                             build/obj/main.o (symbol from plugin)
