
Discarded input sections

 .data          0x00000000        0x0 build/obj/crt0_v7m.o
 .bss           0x00000000        0x0 build/obj/crt0_v7m.o
 .data          0x00000000        0x0 build/obj/chcoreasm_v7m.o
 .bss           0x00000000        0x0 build/obj/chcoreasm_v7m.o
 .text          0x00000000        0x0 build/obj/crt1.o (symbol from plugin)
 .text          0x00000000        0x0 C:\Users\CYIRKO~1\AppData\Local\Temp\ccuReY8w.ltrans0.ltrans.o
 .data          0x00000000        0x0 C:\Users\CYIRKO~1\AppData\Local\Temp\ccuReY8w.ltrans0.ltrans.o
 .bss           0x00000000        0x0 C:\Users\CYIRKO~1\AppData\Local\Temp\ccuReY8w.ltrans0.ltrans.o
 .text          0x00000000        0x0 C:\Users\CYIRKO~1\AppData\Local\Temp\ccuReY8w.ltrans1.ltrans.o
 .data          0x00000000        0x0 C:\Users\CYIRKO~1\AppData\Local\Temp\ccuReY8w.ltrans1.ltrans.o
 .bss           0x00000000        0x0 C:\Users\CYIRKO~1\AppData\Local\Temp\ccuReY8w.ltrans1.ltrans.o
 .text          0x00000000        0x0 C:\Users\CYIRKO~1\AppData\Local\Temp\ccuReY8w.ltrans2.ltrans.o
 .data          0x00000000        0x0 C:\Users\CYIRKO~1\AppData\Local\Temp\ccuReY8w.ltrans2.ltrans.o
 .bss           0x00000000        0x0 C:\Users\CYIRKO~1\AppData\Local\Temp\ccuReY8w.ltrans2.ltrans.o
 .text          0x00000000        0x0 build/obj/vectors.o (symbol from plugin)
 .text          0x00000000        0x0 build/obj/chsys.o (symbol from plugin)
 .text          0x00000000        0x0 build/obj/chdebug.o (symbol from plugin)
 .text          0x00000000        0x0 build/obj/chtrace.o (symbol from plugin)
 .text          0x00000000        0x0 build/obj/chvt.o (symbol from plugin)
 .text          0x00000000        0x0 build/obj/chschd.o (symbol from plugin)
 .text          0x00000000        0x0 build/obj/chthreads.o (symbol from plugin)
 .text          0x00000000        0x0 build/obj/chtm.o (symbol from plugin)
 .text          0x00000000        0x0 build/obj/chregistry.o (symbol from plugin)
 .text          0x00000000        0x0 build/obj/chsem.o (symbol from plugin)
 .text          0x00000000        0x0 build/obj/chmtx.o (symbol from plugin)
 .text          0x00000000        0x0 build/obj/chcond.o (symbol from plugin)
 .text          0x00000000        0x0 build/obj/chevents.o (symbol from plugin)
 .text          0x00000000        0x0 build/obj/chmsg.o (symbol from plugin)
 .text          0x00000000        0x0 build/obj/chdynamic.o (symbol from plugin)
 .text          0x00000000        0x0 build/obj/chmboxes.o (symbol from plugin)
 .text          0x00000000        0x0 build/obj/chmemcore.o (symbol from plugin)
 .text          0x00000000        0x0 build/obj/chheap.o (symbol from plugin)
 .text          0x00000000        0x0 build/obj/chmempools.o (symbol from plugin)
 .text          0x00000000        0x0 build/obj/chcore.o (symbol from plugin)
 .text          0x00000000        0x0 build/obj/chcore_v7m.o (symbol from plugin)
 .text          0x00000000        0x0 build/obj/osal.o (symbol from plugin)
 .text          0x00000000        0x0 build/obj/hal.o (symbol from plugin)
 .text          0x00000000        0x0 build/obj/hal_st.o (symbol from plugin)
 .text          0x00000000        0x0 build/obj/hal_buffers.o (symbol from plugin)
 .text          0x00000000        0x0 build/obj/hal_queues.o (symbol from plugin)
 .text          0x00000000        0x0 build/obj/hal_mmcsd.o (symbol from plugin)
 .text          0x00000000        0x0 build/obj/hal_ext.o (symbol from plugin)
 .text          0x00000000        0x0 build/obj/hal_gpt.o (symbol from plugin)
 .text          0x00000000        0x0 build/obj/hal_pal.o (symbol from plugin)
 .text          0x00000000        0x0 build/obj/hal_serial.o (symbol from plugin)
 .text          0x00000000        0x0 build/obj/nvic.o (symbol from plugin)
 .text          0x00000000        0x0 build/obj/hal_lld.o (symbol from plugin)
 .text          0x00000000        0x0 build/obj/hal_ext_lld_isr.o (symbol from plugin)
 .text          0x00000000        0x0 build/obj/stm32_dma.o (symbol from plugin)
 .text          0x00000000        0x0 build/obj/hal_ext_lld.o (symbol from plugin)
 .text          0x00000000        0x0 build/obj/hal_pal_lld.o (symbol from plugin)
 .text          0x00000000        0x0 build/obj/hal_st_lld.o (symbol from plugin)
 .text          0x00000000        0x0 build/obj/hal_gpt_lld.o (symbol from plugin)
 .text          0x00000000        0x0 build/obj/hal_serial_lld.o (symbol from plugin)
 .text          0x00000000        0x0 build/obj/board.o (symbol from plugin)
 .text          0x00000000        0x0 build/obj/chprintf.o (symbol from plugin)
 .text          0x00000000        0x0 build/obj/memstreams.o (symbol from plugin)
 .text          0x00000000        0x0 build/obj/nullstreams.o (symbol from plugin)
 .text          0x00000000        0x0 build/obj/main.o (symbol from plugin)
 .text          0x00000000        0x0 build/obj/enc.o (symbol from plugin)
[...]
Memory Configuration

Name             Origin             Length             Attributes
flash0           0x08000000         0x00200000
flash1           0x00200000         0x00200000
flash2           0x00000000         0x00000000
flash3           0x00000000         0x00000000
flash4           0x00000000         0x00000000
flash5           0x00000000         0x00000000
flash6           0x00000000         0x00000000
flash7           0x00000000         0x00000000
ram0             0x20020000         0x00060000
ram1             0x20020000         0x0005c000
ram2             0x2007c000         0x00004000
ram3             0x20000000         0x00020000
ram4             0x00000000         0x00004000
ram5             0x40024000         0x00001000
ram6             0x00000000         0x00000000
ram7             0x00000000         0x00000000
*default*        0x00000000         0xffffffff

Linker script and memory map

LOAD build/obj/crt0_v7m.o
LOAD build/obj/chcoreasm_v7m.o
LOAD build/obj/crt1.o
LOAD C:\Users\CYIRKO~1\AppData\Local\Temp\ccuReY8w.ltrans0.ltrans.o
LOAD C:\Users\CYIRKO~1\AppData\Local\Temp\ccuReY8w.ltrans1.ltrans.o
LOAD C:\Users\CYIRKO~1\AppData\Local\Temp\ccuReY8w.ltrans2.ltrans.o
LOAD build/obj/vectors.o
LOAD build/obj/chsys.o
LOAD build/obj/chdebug.o
LOAD build/obj/chtrace.o
LOAD build/obj/chvt.o
LOAD build/obj/chschd.o
LOAD build/obj/chthreads.o
LOAD build/obj/chtm.o
LOAD build/obj/chregistry.o
LOAD build/obj/chsem.o
LOAD build/obj/chmtx.o
LOAD build/obj/chcond.o
LOAD build/obj/chevents.o
LOAD build/obj/chmsg.o
LOAD build/obj/chdynamic.o
LOAD build/obj/chmboxes.o
LOAD build/obj/chmemcore.o
LOAD build/obj/chheap.o
LOAD build/obj/chmempools.o
LOAD build/obj/chcore.o
LOAD build/obj/chcore_v7m.o
LOAD build/obj/osal.o
LOAD build/obj/hal.o
LOAD build/obj/hal_st.o
LOAD build/obj/hal_buffers.o
LOAD build/obj/hal_queues.o
LOAD build/obj/hal_mmcsd.o
LOAD build/obj/hal_ext.o
LOAD build/obj/hal_gpt.o
LOAD build/obj/hal_pal.o
LOAD build/obj/hal_serial.o
LOAD build/obj/nvic.o
LOAD build/obj/hal_lld.o
LOAD build/obj/hal_ext_lld_isr.o
LOAD build/obj/stm32_dma.o
LOAD build/obj/hal_ext_lld.o
LOAD build/obj/hal_pal_lld.o
LOAD build/obj/hal_st_lld.o
LOAD build/obj/hal_gpt_lld.o
LOAD build/obj/hal_serial_lld.o
LOAD build/obj/board.o
LOAD build/obj/chprintf.o
LOAD build/obj/memstreams.o
LOAD build/obj/nullstreams.o
LOAD build/obj/main.o
LOAD build/obj/enc.o
LOAD build/obj/Serial_Init.o
LOAD build/obj/ext.o

.mstack         0x20000000      0x400
                0x20000000                . = ALIGN (0x8)
                0x20000000                __main_stack_base__ = .
                0x20000400                . = (. + __main_stack_size__)
 *fill*         0x20000000      0x400 
                0x20000400                . = ALIGN (0x8)
                0x20000400                __main_stack_end__ = .

.pstack         0x20000400      0x400
                0x20000400                __process_stack_base__ = .
                0x20000400                __main_thread_stack_base__ = .
                0x20000800                . = (. + __process_stack_size__)
 *fill*         0x20000400      0x400 
                0x20000800                . = ALIGN (0x8)
                0x20000800                __process_stack_end__ = .
                0x20000800                __main_thread_stack_end__ = .

.nocache        0x20000800        0x0
                0x20000800                __nocache_base__ = .
 *(.nocache)
 *(.nocache.*)
 *(.bss.__nocache_*)
                0x20000800                . = ALIGN (0x4)
                0x20000800                __nocache_end__ = .

.eth            0x20000800        0x0
                0x20000800                __eth_base__ = .
 *(.eth)
 *(.eth.*)
 *(.bss.__eth_*)
                0x20000800                . = ALIGN (0x4)
                0x20000800                __eth_end__ = .

.vectors        0x00200000      0x200 load address 0x08000000
 *(.vectors)
 .vectors       0x00200000      0x200 C:\Users\CYIRKO~1\AppData\Local\Temp\ccuReY8w.ltrans0.ltrans.o
                0x00200000                _vectors

.xtors          0x00200200        0x0 load address 0x08000200
                0x00200200                __init_array_start = .
 *(SORT(.init_array.*))
 *(.init_array)
                0x00200200                __init_array_end = .
                0x00200200                __fini_array_start = .
 *(.fini_array)
 *(SORT(.fini_array.*))
                0x00200200                __fini_array_end = .

.text           0x00200200     0x1b10 load address 0x08000200
 *(.text)
 .text          0x00200200       0xd4 build/obj/crt0_v7m.o
                0x00200200                Reset_Handler
 .text          0x002002d4       0x28 build/obj/chcoreasm_v7m.o
                0x002002d4                _port_switch
                0x002002e4                _port_thread_start
                0x002002f4                _port_switch_from_isr
                0x002002f8                _port_exit_from_isr
 *(.text.*)
 *fill*         0x002002fc        0x4 
 .text.notify7  0x00200300       0x10 C:\Users\CYIRKO~1\AppData\Local\Temp\ccuReY8w.ltrans0.ltrans.o
 .text.VectorA4
                0x00200310       0x34 C:\Users\CYIRKO~1\AppData\Local\Temp\ccuReY8w.ltrans0.ltrans.o
 *fill*         0x00200344        0xc 
 .text.Vector188
                0x00200350      0x190 C:\Users\CYIRKO~1\AppData\Local\Temp\ccuReY8w.ltrans0.ltrans.o
 .text.startup.main
                0x002004e0      0x740 C:\Users\CYIRKO~1\AppData\Local\Temp\ccuReY8w.ltrans0.ltrans.o
                0x002004e0                main
 .text.__early_init
                0x00200c20       0xe8 C:\Users\CYIRKO~1\AppData\Local\Temp\ccuReY8w.ltrans0.ltrans.o
                0x00200c20                __early_init
 *fill*         0x00200d08        0x8 
 .text.SVC_Handler
                0x00200d10       0x1c C:\Users\CYIRKO~1\AppData\Local\Temp\ccuReY8w.ltrans1.ltrans.o
                0x00200d10                SVC_Handler
 *fill*         0x00200d2c        0x4 
 .text.chCoreAllocAligned
                0x00200d30       0x48 C:\Users\CYIRKO~1\AppData\Local\Temp\ccuReY8w.ltrans1.ltrans.o
                0x00200d30                chCoreAllocAligned
 *fill*         0x00200d78        0x8 
 .text.wakeup   0x00200d80       0x70 C:\Users\CYIRKO~1\AppData\Local\Temp\ccuReY8w.ltrans1.ltrans.o
 .text._idle_thread.lto_priv.40
                0x00200df0        0x4 C:\Users\CYIRKO~1\AppData\Local\Temp\ccuReY8w.ltrans1.ltrans.o
                0x00200df0                _idle_thread.lto_priv.40
 *fill*         0x00200df4        0xc 
 .text.chSchGoSleepS
                0x00200e00       0x28 C:\Users\CYIRKO~1\AppData\Local\Temp\ccuReY8w.ltrans1.ltrans.o
 *fill*         0x00200e28        0x8 
 .text._port_irq_epilogue
                0x00200e30       0x5c C:\Users\CYIRKO~1\AppData\Local\Temp\ccuReY8w.ltrans1.ltrans.o
                0x00200e30                _port_irq_epilogue
 *fill*         0x00200e8c        0x4 
 .text.SysTick_Handler
                0x00200e90       0x58 C:\Users\CYIRKO~1\AppData\Local\Temp\ccuReY8w.ltrans1.ltrans.o
                0x00200e90                SysTick_Handler
 *fill*         0x00200ee8        0x8 
 .text.Vector4C
                0x00200ef0       0x30 C:\Users\CYIRKO~1\AppData\Local\Temp\ccuReY8w.ltrans1.ltrans.o
                0x00200ef0                Vector4C
 .text.Vector48
                0x00200f20       0x30 C:\Users\CYIRKO~1\AppData\Local\Temp\ccuReY8w.ltrans1.ltrans.o
                0x00200f20                Vector48
 .text.Vector170
                0x00200f50       0x30 C:\Users\CYIRKO~1\AppData\Local\Temp\ccuReY8w.ltrans1.ltrans.o
                0x00200f50                Vector170
 .text.Vector138
                0x00200f80       0x30 C:\Users\CYIRKO~1\AppData\Local\Temp\ccuReY8w.ltrans1.ltrans.o
                0x00200f80                Vector138
 .text.VectorE8
                0x00200fb0       0x30 C:\Users\CYIRKO~1\AppData\Local\Temp\ccuReY8w.ltrans1.ltrans.o
                0x00200fb0                VectorE8
 .text.VectorE4
                0x00200fe0       0x30 C:\Users\CYIRKO~1\AppData\Local\Temp\ccuReY8w.ltrans1.ltrans.o
                0x00200fe0                VectorE4
 .text.Vector44
                0x00201010       0x30 C:\Users\CYIRKO~1\AppData\Local\Temp\ccuReY8w.ltrans1.ltrans.o
                0x00201010                Vector44
 .text.VectorE0
                0x00201040       0x80 C:\Users\CYIRKO~1\AppData\Local\Temp\ccuReY8w.ltrans1.ltrans.o
                0x00201040                VectorE0
 .text.Vector9C
                0x002010c0       0x70 C:\Users\CYIRKO~1\AppData\Local\Temp\ccuReY8w.ltrans1.ltrans.o
                0x002010c0                Vector9C
 .text.Vector68
                0x00201130       0x2c C:\Users\CYIRKO~1\AppData\Local\Temp\ccuReY8w.ltrans1.ltrans.o
                0x00201130                Vector68
 *fill*         0x0020115c        0x4 
 .text.Vector64
                0x00201160       0x2c C:\Users\CYIRKO~1\AppData\Local\Temp\ccuReY8w.ltrans1.ltrans.o
                0x00201160                Vector64
 *fill*         0x0020118c        0x4 
 .text.Vector60
                0x00201190       0x2c C:\Users\CYIRKO~1\AppData\Local\Temp\ccuReY8w.ltrans1.ltrans.o
                0x00201190                Vector60
 *fill*         0x002011bc        0x4 
 .text.Vector5C
                0x002011c0       0x2c C:\Users\CYIRKO~1\AppData\Local\Temp\ccuReY8w.ltrans1.ltrans.o
                0x002011c0                Vector5C
 *fill*         0x002011ec        0x4 
 .text.Vector58
                0x002011f0       0x2c C:\Users\CYIRKO~1\AppData\Local\Temp\ccuReY8w.ltrans1.ltrans.o
                0x002011f0                Vector58
 *fill*         0x0020121c        0x4 
 .text.chTMStopMeasurementX
                0x00201220       0x44 C:\Users\CYIRKO~1\AppData\Local\Temp\ccuReY8w.ltrans1.ltrans.o
                0x00201220                chTMStopMeasurementX
 *fill*         0x00201264        0xc 
 .text.chSchDoReschedule
                0x00201270       0x40 C:\Users\CYIRKO~1\AppData\Local\Temp\ccuReY8w.ltrans1.ltrans.o
                0x00201270                chSchDoReschedule
 .text.chSchGoSleepTimeoutS
                0x002012b0       0x88 C:\Users\CYIRKO~1\AppData\Local\Temp\ccuReY8w.ltrans1.ltrans.o
                0x002012b0                chSchGoSleepTimeoutS
 *fill*         0x00201338        0x8 
 .text.chThdEnqueueTimeoutS
                0x00201340       0x28 C:\Users\CYIRKO~1\AppData\Local\Temp\ccuReY8w.ltrans1.ltrans.o
 *fill*         0x00201368        0x8 
 .text.oqWriteTimeout
                0x00201370       0xb8 C:\Users\CYIRKO~1\AppData\Local\Temp\ccuReY8w.ltrans1.ltrans.o
 *fill*         0x00201428        0x8 
 .text._writet.lto_priv.38
                0x00201430        0x8 C:\Users\CYIRKO~1\AppData\Local\Temp\ccuReY8w.ltrans1.ltrans.o
                0x00201430                _writet.lto_priv.38
 *fill*         0x00201438        0x8 
 .text._write.lto_priv.32
                0x00201440        0xc C:\Users\CYIRKO~1\AppData\Local\Temp\ccuReY8w.ltrans1.ltrans.o
                0x00201440                _write.lto_priv.32
 *fill*         0x0020144c        0x4 
 .text.oqPutTimeout
                0x00201450       0x54 C:\Users\CYIRKO~1\AppData\Local\Temp\ccuReY8w.ltrans1.ltrans.o
 *fill*         0x002014a4        0xc 
 .text._putt.lto_priv.36
                0x002014b0        0x8 C:\Users\CYIRKO~1\AppData\Local\Temp\ccuReY8w.ltrans1.ltrans.o
                0x002014b0                _putt.lto_priv.36
 *fill*         0x002014b8        0x8 
 .text._put.lto_priv.34
                0x002014c0        0xc C:\Users\CYIRKO~1\AppData\Local\Temp\ccuReY8w.ltrans1.ltrans.o
                0x002014c0                _put.lto_priv.34
 *fill*         0x002014cc        0x4 
 .text.iqReadTimeout
                0x002014d0       0xb8 C:\Users\CYIRKO~1\AppData\Local\Temp\ccuReY8w.ltrans1.ltrans.o
 *fill*         0x00201588        0x8 
 .text._readt.lto_priv.39
                0x00201590        0x8 C:\Users\CYIRKO~1\AppData\Local\Temp\ccuReY8w.ltrans1.ltrans.o
                0x00201590                _readt.lto_priv.39
 *fill*         0x00201598        0x8 
 .text._read.lto_priv.33
                0x002015a0        0xc C:\Users\CYIRKO~1\AppData\Local\Temp\ccuReY8w.ltrans1.ltrans.o
                0x002015a0                _read.lto_priv.33
 *fill*         0x002015ac        0x4 
 .text.iqGetTimeout
                0x002015b0       0x50 C:\Users\CYIRKO~1\AppData\Local\Temp\ccuReY8w.ltrans1.ltrans.o
 .text._gett.lto_priv.37
                0x00201600        0x8 C:\Users\CYIRKO~1\AppData\Local\Temp\ccuReY8w.ltrans1.ltrans.o
                0x00201600                _gett.lto_priv.37
 *fill*         0x00201608        0x8 
 .text._get.lto_priv.35
                0x00201610        0xc C:\Users\CYIRKO~1\AppData\Local\Temp\ccuReY8w.ltrans1.ltrans.o
                0x00201610                _get.lto_priv.35
 *fill*         0x0020161c        0x4 
 .text.chSchReadyI
                0x00201620       0x2c C:\Users\CYIRKO~1\AppData\Local\Temp\ccuReY8w.ltrans1.ltrans.o
                0x00201620                chSchReadyI
 *fill*         0x0020164c        0x4 
 .text.chThdExit
                0x00201650       0x50 C:\Users\CYIRKO~1\AppData\Local\Temp\ccuReY8w.ltrans1.ltrans.o
                0x00201650                chThdExit
 .text._unhandled_exception
                0x002016a0        0x4 C:\Users\CYIRKO~1\AppData\Local\Temp\ccuReY8w.ltrans1.ltrans.o
                0x002016a0                VectorAC
                0x002016a0                DebugMon_Handler
                0x002016a0                Vector1A0
                0x002016a0                Vector11C
                0x002016a0                HardFault_Handler
                0x002016a0                Vector1B8
                0x002016a0                Vector1F0
                0x002016a0                Vector19C
                0x002016a0                Vector1EC
                0x002016a0                Vector8C
                0x002016a0                VectorDC
                0x002016a0                PendSV_Handler
                0x002016a0                Vector168
                0x002016a0                NMI_Handler
                0x002016a0                Vector110
                0x002016a0                Vector120
                0x002016a0                Vector1D8
                0x002016a0                Vector1F4
                0x002016a0                VectorC8
                0x002016a0                Vector94
                0x002016a0                VectorA8
                0x002016a0                VectorB4
                0x002016a0                Vector1FC
                0x002016a0                Vector74
                0x002016a0                Vector160
                0x002016a0                Vector1B0
                0x002016a0                UsageFault_Handler
                0x002016a0                VectorEC
                0x002016a0                Vector40
                0x002016a0                VectorF8
                0x002016a0                Vector108
                0x002016a0                VectorBC
                0x002016a0                Vector190
                0x002016a0                Vector1E0
                0x002016a0                Vector150
                0x002016a0                Vector1F8
                0x002016a0                Vector124
                0x002016a0                Vector1C4
                0x002016a0                Vector1CC
                0x002016a0                Vector1E4
                0x002016a0                Vector148
                0x002016a0                Vector198
                0x002016a0                Vector118
                0x002016a0                VectorCC
                0x002016a0                Vector54
                0x002016a0                Vector98
                0x002016a0                VectorD8
                0x002016a0                Vector24
                0x002016a0                Vector1AC
                0x002016a0                Vector178
                0x002016a0                Vector84
                0x002016a0                Vector1A4
                0x002016a0                VectorD0
                0x002016a0                Vector1B4
                0x002016a0                Vector140
                0x002016a0                VectorC0
                0x002016a0                Vector158
                0x002016a0                Vector130
                0x002016a0                Vector1C0
                0x002016a0                Vector134
                0x002016a0                Vector1D0
                0x002016a0                VectorF0
                0x002016a0                Vector12C
                0x002016a0                Vector13C
                0x002016a0                Vector100
                0x002016a0                VectorF4
                0x002016a0                MemManage_Handler
                0x002016a0                Vector6C
                0x002016a0                VectorA0
                0x002016a0                VectorC4
                0x002016a0                Vector7C
                0x002016a0                Vector180
                0x002016a0                VectorB0
                0x002016a0                Vector90
                0x002016a0                Vector114
                0x002016a0                Vector164
                0x002016a0                Vector1C
                0x002016a0                Vector1BC
                0x002016a0                Vector1D4
                0x002016a0                Vector17C
                0x002016a0                Vector1A8
                0x002016a0                Vector16C
                0x002016a0                Vector70
                0x002016a0                VectorD4
                0x002016a0                Vector144
                0x002016a0                Vector80
                0x002016a0                Vector15C
                0x002016a0                Vector78
                0x002016a0                Vector1E8
                0x002016a0                _unhandled_exception
                0x002016a0                Vector88
                0x002016a0                Vector104
                0x002016a0                Vector184
                0x002016a0                Vector10C
                0x002016a0                Vector14C
                0x002016a0                BusFault_Handler
                0x002016a0                Vector50
                0x002016a0                Vector1C8
                0x002016a0                Vector194
                0x002016a0                Vector1DC
                0x002016a0                Vector154
                0x002016a0                Vector28
                0x002016a0                VectorB8
                0x002016a0                VectorFC
                0x002016a0                Vector34
                0x002016a0                Vector128
                0x002016a0                Vector20
                0x002016a0                Vector18C
                0x002016a0                Vector174
 *fill*         0x002016a4        0xc 
 .text.__init_ram_areas
                0x002016b0       0x60 C:\Users\CYIRKO~1\AppData\Local\Temp\ccuReY8w.ltrans1.ltrans.o
                0x002016b0                __init_ram_areas
 .text.__default_exit
                0x00201710        0x4 C:\Users\CYIRKO~1\AppData\Local\Temp\ccuReY8w.ltrans1.ltrans.o
                0x00201710                __default_exit
 *fill*         0x00201714        0xc 
 .text.__late_init
                0x00201720        0x4 C:\Users\CYIRKO~1\AppData\Local\Temp\ccuReY8w.ltrans1.ltrans.o
                0x00201720                __late_init
 *fill*         0x00201724        0xc 
 .text.__core_init
                0x00201730       0x7c C:\Users\CYIRKO~1\AppData\Local\Temp\ccuReY8w.ltrans1.ltrans.o
                0x00201730                __core_init
 *fill*         0x002017ac        0x4 
 .text.EXT_CB_A.lto_priv.31
                0x002017b0       0x20 C:\Users\CYIRKO~1\AppData\Local\Temp\ccuReY8w.ltrans2.ltrans.o
                0x002017b0                EXT_CB_A.lto_priv.31
 .text.chTMStartMeasurementX.constprop.25
                0x002017d0        0xc C:\Users\CYIRKO~1\AppData\Local\Temp\ccuReY8w.ltrans2.ltrans.o
                0x002017d0                chTMStartMeasurementX.constprop.25
 *fill*         0x002017dc        0x4 
 .text.chEvtBroadcastFlagsI.constprop.21
                0x002017e0       0x64 C:\Users\CYIRKO~1\AppData\Local\Temp\ccuReY8w.ltrans2.ltrans.o
                0x002017e0                chEvtBroadcastFlagsI.constprop.21
 *fill*         0x00201844        0xc 
 .text._pal_lld_setgroupmode.constprop.4
                0x00201850       0x94 C:\Users\CYIRKO~1\AppData\Local\Temp\ccuReY8w.ltrans2.ltrans.o
                0x00201850                _pal_lld_setgroupmode.constprop.4
 *fill*         0x002018e4        0xc 
 .text.chprintf.constprop.0
                0x002018f0      0x420 C:\Users\CYIRKO~1\AppData\Local\Temp\ccuReY8w.ltrans2.ltrans.o
                0x002018f0                chprintf.constprop.0
 *(.glue_7t)
 .glue_7t       0x00201d10        0x0 linker stubs
 *(.glue_7)
 .glue_7        0x00201d10        0x0 linker stubs
 *(.gcc*)

.vfp11_veneer   0x00201d10        0x0 load address 0x08001d10
 .vfp11_veneer  0x00201d10        0x0 linker stubs

.v4_bx          0x00201d10        0x0 load address 0x08001d10
 .v4_bx         0x00201d10        0x0 linker stubs

.iplt           0x00201d10        0x0 load address 0x08001d10
 .iplt          0x00201d10        0x0 build/obj/crt0_v7m.o

.rodata         0x08001d10      0x198
                0x08001d10                . = ALIGN (0x4)
                0x08001d10                __rodata_base__ = .
 *(.rodata)
 *(.rodata.*)
 .rodata.EXTcfg
                0x08001d10       0xc0 C:\Users\CYIRKO~1\AppData\Local\Temp\ccuReY8w.ltrans0.ltrans.o
 .rodata.ch_debug
                0x08001dd0       0x16 C:\Users\CYIRKO~1\AppData\Local\Temp\ccuReY8w.ltrans0.ltrans.o
 *fill*         0x08001de6        0x2 
 .rodata.main.str1.4
                0x08001de8       0x15 C:\Users\CYIRKO~1\AppData\Local\Temp\ccuReY8w.ltrans0.ltrans.o
 *fill*         0x08001dfd        0x3 
 .rodata.vmt    0x08001e00       0x20 C:\Users\CYIRKO~1\AppData\Local\Temp\ccuReY8w.ltrans0.ltrans.o
 .rodata.ram_areas
                0x08001e20       0x80 C:\Users\CYIRKO~1\AppData\Local\Temp\ccuReY8w.ltrans1.ltrans.o
 .rodata.chprintf.constprop.0.str1.4
                0x08001ea0        0x8 C:\Users\CYIRKO~1\AppData\Local\Temp\ccuReY8w.ltrans2.ltrans.o
                                 0x17 (size before relaxing)
                0x08001ea8                . = ALIGN (0x4)
                0x08001ea8                __rodata_end__ = .

.rel.dyn        0x08001ea8        0x0
 .rel.iplt      0x08001ea8        0x0 build/obj/crt0_v7m.o

.ARM.extab
 *(.ARM.extab* .gnu.linkonce.armextab.*)

.ARM.exidx      0x00201d10        0x0 load address 0x08001ea8
                0x00201d10                __exidx_start = .
 *(.ARM.exidx* .gnu.linkonce.armexidx.*)
                0x00201d10                __exidx_end = .

.eh_frame_hdr
 *(.eh_frame_hdr)

.eh_frame
 *(.eh_frame)
                0x20020000                __ram0_start__ = ORIGIN (ram0)
                0x00060000                __ram0_size__ = LENGTH (ram0)
                0x20080000                __ram0_end__ = (__ram0_start__ + __ram0_size__)
                0x20020000                __ram1_start__ = ORIGIN (ram1)
                0x0005c000                __ram1_size__ = LENGTH (ram1)
                0x2007c000                __ram1_end__ = (__ram1_start__ + __ram1_size__)
                0x2007c000                __ram2_start__ = ORIGIN (ram2)
                0x00004000                __ram2_size__ = LENGTH (ram2)
                0x20080000                __ram2_end__ = (__ram2_start__ + __ram2_size__)
                0x20000000                __ram3_start__ = ORIGIN (ram3)
                0x00020000                __ram3_size__ = LENGTH (ram3)
                0x20020000                __ram3_end__ = (__ram3_start__ + __ram3_size__)
                0x00000000                __ram4_start__ = ORIGIN (ram4)
                0x00004000                __ram4_size__ = LENGTH (ram4)
                0x00004000                __ram4_end__ = (__ram4_start__ + __ram4_size__)
                0x40024000                __ram5_start__ = ORIGIN (ram5)
                0x00001000                __ram5_size__ = LENGTH (ram5)
                0x40025000                __ram5_end__ = (__ram5_start__ + __ram5_size__)
                0x00000000                __ram6_start__ = ORIGIN (ram6)
                0x00000000                __ram6_size__ = LENGTH (ram6)
                0x00000000                __ram6_end__ = (__ram6_start__ + __ram6_size__)
                0x00000000                __ram7_start__ = ORIGIN (ram7)
                0x00000000                __ram7_size__ = LENGTH (ram7)
                0x00000000                __ram7_end__ = (__ram7_start__ + __ram7_size__)

.data           0x20020000        0x0 load address 0x08001ea8
                0x20020000                . = ALIGN (0x4)
                [!provide]                PROVIDE (_textdata, LOADADDR (.data))
                [!provide]                PROVIDE (_data, .)
                0x08001ea8                _textdata_start = LOADADDR (.data)
                0x20020000                _data_start = .
 *(.data)
 *(.data.*)
 *(.ramtext)
                0x20020000                . = ALIGN (0x4)
                [!provide]                PROVIDE (_edata, .)
                0x20020000                _data_end = .

.igot.plt       0x20020000        0x0 load address 0x08001ea8
 .igot.plt      0x20020000        0x0 build/obj/crt0_v7m.o

.bss            0x20000800      0x214
                0x20000800                . = ALIGN (0x4)
                0x20000800                _bss_start = .
 *(.bss)
 *(.bss.*)
 .bss.EXTD1     0x20000800        0x8 C:\Users\CYIRKO~1\AppData\Local\Temp\ccuReY8w.ltrans0.ltrans.o
                0x20000800                EXTD1
 .bss.GPTD1     0x20000808       0x10 C:\Users\CYIRKO~1\AppData\Local\Temp\ccuReY8w.ltrans0.ltrans.o
 .bss.ch        0x20000818       0x74 C:\Users\CYIRKO~1\AppData\Local\Temp\ccuReY8w.ltrans0.ltrans.o
                0x20000818                ch
 *fill*         0x2000088c        0x4 
 .bss.ch_idle_thread_wa
                0x20000890       0xd8 C:\Users\CYIRKO~1\AppData\Local\Temp\ccuReY8w.ltrans0.ltrans.o
 .bss.default_heap
                0x20000968       0x20 C:\Users\CYIRKO~1\AppData\Local\Temp\ccuReY8w.ltrans0.ltrans.o
 .bss.endmem.lto_priv.42
                0x20000988        0x4 C:\Users\CYIRKO~1\AppData\Local\Temp\ccuReY8w.ltrans0.ltrans.o
                0x20000988                endmem.lto_priv.42
 .bss.nextmem.lto_priv.41
                0x2000098c        0x4 C:\Users\CYIRKO~1\AppData\Local\Temp\ccuReY8w.ltrans0.ltrans.o
                0x2000098c                nextmem.lto_priv.41
 .bss.sd_in_buf7
                0x20000990       0x10 C:\Users\CYIRKO~1\AppData\Local\Temp\ccuReY8w.ltrans0.ltrans.o
 .bss.sd_out_buf7
                0x200009a0       0x10 C:\Users\CYIRKO~1\AppData\Local\Temp\ccuReY8w.ltrans0.ltrans.o
 .bss.SD7       0x200009b0       0x60 C:\Users\CYIRKO~1\AppData\Local\Temp\ccuReY8w.ltrans2.ltrans.o
                0x200009b0                SD7
 .bss.enc_ticks
                0x20000a10        0x4 C:\Users\CYIRKO~1\AppData\Local\Temp\ccuReY8w.ltrans2.ltrans.o
                0x20000a10                enc_ticks
 *(COMMON)
                0x20000a14                . = ALIGN (0x4)
                0x20000a14                _bss_end = .
                [!provide]                PROVIDE (end, .)

.ram0_init      0x20020000        0x0 load address 0x08001ea8
                0x20020000                . = ALIGN (0x4)
                0x08001ea8                __ram0_init_text__ = LOADADDR (.ram0_init)
                0x20020000                __ram0_init__ = .
 *(.ram0_init)
 *(.ram0_init.*)
                0x20020000                . = ALIGN (0x4)

.ram0           0x20020000        0x0 load address 0x08001ea8
                0x20020000                . = ALIGN (0x4)
                0x20020000                __ram0_clear__ = .
 *(.ram0_clear)
 *(.ram0_clear.*)
                0x20020000                . = ALIGN (0x4)
                0x20020000                __ram0_noinit__ = .
 *(.ram0)
 *(.ram0.*)
                0x20020000                . = ALIGN (0x4)
                0x20020000                __ram0_free__ = .

.ram1_init      0x20020000        0x0 load address 0x08001ea8
                0x20020000                . = ALIGN (0x4)
                0x08001ea8                __ram1_init_text__ = LOADADDR (.ram1_init)
                0x20020000                __ram1_init__ = .
 *(.ram1_init)
 *(.ram1_init.*)
                0x20020000                . = ALIGN (0x4)

.ram1           0x20020000        0x0 load address 0x08001ea8
                0x20020000                . = ALIGN (0x4)
                0x20020000                __ram1_clear__ = .
 *(.ram1_clear)
 *(.ram1_clear.*)
                0x20020000                . = ALIGN (0x4)
                0x20020000                __ram1_noinit__ = .
 *(.ram1)
 *(.ram1.*)
                0x20020000                . = ALIGN (0x4)
                0x20020000                __ram1_free__ = .

.ram2_init      0x2007c000        0x0 load address 0x08001ea8
                0x2007c000                . = ALIGN (0x4)
                0x08001ea8                __ram2_init_text__ = LOADADDR (.ram2_init)
                0x2007c000                __ram2_init__ = .
 *(.ram2_init)
 *(.ram2_init.*)
                0x2007c000                . = ALIGN (0x4)

.ram2           0x2007c000        0x0 load address 0x08001ea8
                0x2007c000                . = ALIGN (0x4)
                0x2007c000                __ram2_clear__ = .
 *(.ram2_clear)
 *(.ram2_clear.*)
                0x2007c000                . = ALIGN (0x4)
                0x2007c000                __ram2_noinit__ = .
 *(.ram2)
 *(.ram2.*)
                0x2007c000                . = ALIGN (0x4)
                0x2007c000                __ram2_free__ = .

.ram3_init      0x20000a14        0x0 load address 0x08001ea8
                0x20000a14                . = ALIGN (0x4)
                0x08001ea8                __ram3_init_text__ = LOADADDR (.ram3_init)
                0x20000a14                __ram3_init__ = .
 *(.ram3_init)
 *(.ram3_init.*)
                0x20000a14                . = ALIGN (0x4)

.ram3           0x20000a14        0x0 load address 0x08001ea8
                0x20000a14                . = ALIGN (0x4)
                0x20000a14                __ram3_clear__ = .
 *(.ram3_clear)
 *(.ram3_clear.*)
                0x20000a14                . = ALIGN (0x4)
                0x20000a14                __ram3_noinit__ = .
 *(.ram3)
 *(.ram3.*)
                0x20000a14                . = ALIGN (0x4)
                0x20000a14                __ram3_free__ = .

.ram4_init      0x00000000        0x0 load address 0x08001ea8
                0x00000000                . = ALIGN (0x4)
                0x08001ea8                __ram4_init_text__ = LOADADDR (.ram4_init)
                0x00000000                __ram4_init__ = .
 *(.ram4_init)
 *(.ram4_init.*)
                0x00000000                . = ALIGN (0x4)

.ram4           0x00000000        0x0 load address 0x08001ea8
                0x00000000                . = ALIGN (0x4)
                0x00000000                __ram4_clear__ = .
 *(.ram4_clear)
 *(.ram4_clear.*)
                0x00000000                . = ALIGN (0x4)
                0x00000000                __ram4_noinit__ = .
 *(.ram4)
 *(.ram4.*)
                0x00000000                . = ALIGN (0x4)
                0x00000000                __ram4_free__ = .

.ram5_init      0x40024000        0x0 load address 0x08001ea8
                0x40024000                . = ALIGN (0x4)
                0x08001ea8                __ram5_init_text__ = LOADADDR (.ram5_init)
                0x40024000                __ram5_init__ = .
 *(.ram5_init)
 *(.ram5_init.*)
                0x40024000                . = ALIGN (0x4)

.ram5           0x40024000        0x0 load address 0x08001ea8
                0x40024000                . = ALIGN (0x4)
                0x40024000                __ram5_clear__ = .
 *(.ram5_clear)
 *(.ram5_clear.*)
                0x40024000                . = ALIGN (0x4)
                0x40024000                __ram5_noinit__ = .
 *(.ram5)
 *(.ram5.*)
                0x40024000                . = ALIGN (0x4)
                0x40024000                __ram5_free__ = .

.ram6_init      0x00000000        0x0 load address 0x08001ea8
                0x00000000                . = ALIGN (0x4)
                0x08001ea8                __ram6_init_text__ = LOADADDR (.ram6_init)
                0x00000000                __ram6_init__ = .
 *(.ram6_init)
 *(.ram6_init.*)
                0x00000000                . = ALIGN (0x4)

.ram6           0x00000000        0x0 load address 0x08001ea8
                0x00000000                . = ALIGN (0x4)
                0x00000000                __ram6_clear__ = .
 *(.ram6_clear)
 *(.ram6_clear.*)
                0x00000000                . = ALIGN (0x4)
                0x00000000                __ram6_noinit__ = .
 *(.ram6)
 *(.ram6.*)
                0x00000000                . = ALIGN (0x4)
                0x00000000                __ram6_free__ = .

.ram7_init      0x00000000        0x0 load address 0x08001ea8
                0x00000000                . = ALIGN (0x4)
                0x08001ea8                __ram7_init_text__ = LOADADDR (.ram7_init)
                0x00000000                __ram7_init__ = .
 *(.ram7_init)
 *(.ram7_init.*)
                0x00000000                . = ALIGN (0x4)

.ram7           0x00000000        0x0 load address 0x08001ea8
                0x00000000                . = ALIGN (0x4)
                0x00000000                __ram7_clear__ = .
 *(.ram7_clear)
 *(.ram7_clear.*)
                0x00000000                . = ALIGN (0x4)
                0x00000000                __ram7_noinit__ = .
 *(.ram7)
 *(.ram7.*)
                0x00000000                . = ALIGN (0x4)
                0x00000000                __ram7_free__ = .

.heap           0x20020000    0x60000
                0x20020000                . = ALIGN (0x8)
                0x20020000                __heap_base__ = .
                0x20080000                . = (ORIGIN (HEAP_RAM) + LENGTH (HEAP_RAM))
 *fill*         0x20020000    0x60000 
                0x20080000                __heap_end__ = .
                0x00000400                __process_stack_size__ = 0x400
                0x00000400                __main_stack_size__ = 0x400
LOAD e:/chibistudio/tools/gnu tools arm embedded/6.3 2017q1/bin/../lib/gcc/arm-none-eabi/6.3.1/../../../../arm-none-eabi/lib/thumb/v7e-m\libm.a
START GROUP
LOAD e:/chibistudio/tools/gnu tools arm embedded/6.3 2017q1/bin/../lib/gcc/arm-none-eabi/6.3.1/thumb/v7e-m\libgcc.a
LOAD e:/chibistudio/tools/gnu tools arm embedded/6.3 2017q1/bin/../lib/gcc/arm-none-eabi/6.3.1/../../../../arm-none-eabi/lib/thumb/v7e-m\libg.a
LOAD e:/chibistudio/tools/gnu tools arm embedded/6.3 2017q1/bin/../lib/gcc/arm-none-eabi/6.3.1/../../../../arm-none-eabi/lib/thumb/v7e-m\libc.a
END GROUP
OUTPUT(build/ch.elf elf32-littlearm)

.ARM.attributes
                0x00000000       0x2d
 .ARM.attributes
                0x00000000       0x21 build/obj/crt0_v7m.o
 .ARM.attributes
                0x00000021       0x21 build/obj/chcoreasm_v7m.o
 .ARM.attributes
                0x00000042       0x31 C:\Users\CYIRKO~1\AppData\Local\Temp\ccuReY8w.ltrans0.ltrans.o
 .ARM.attributes
                0x00000073       0x31 C:\Users\CYIRKO~1\AppData\Local\Temp\ccuReY8w.ltrans1.ltrans.o
 .ARM.attributes
                0x000000a4       0x31 C:\Users\CYIRKO~1\AppData\Local\Temp\ccuReY8w.ltrans2.ltrans.o

.comment        0x00000000       0x7f
 .comment       0x00000000       0x7f C:\Users\CYIRKO~1\AppData\Local\Temp\ccuReY8w.ltrans0.ltrans.o
                                 0x80 (size before relaxing)
 .comment       0x0000007f       0x80 C:\Users\CYIRKO~1\AppData\Local\Temp\ccuReY8w.ltrans1.ltrans.o
 .comment       0x0000007f       0x80 C:\Users\CYIRKO~1\AppData\Local\Temp\ccuReY8w.ltrans2.ltrans.o

.debug_info     0x00000000     0x6aea
 .debug_info    0x00000000     0x30c2 C:\Users\CYIRKO~1\AppData\Local\Temp\ccuReY8w.ltrans0.ltrans.o
 .debug_info    0x000030c2     0x289e C:\Users\CYIRKO~1\AppData\Local\Temp\ccuReY8w.ltrans1.ltrans.o
 .debug_info    0x00005960     0x118a C:\Users\CYIRKO~1\AppData\Local\Temp\ccuReY8w.ltrans2.ltrans.o

.debug_abbrev   0x00000000      0xe7b
 .debug_abbrev  0x00000000      0x4f0 C:\Users\CYIRKO~1\AppData\Local\Temp\ccuReY8w.ltrans0.ltrans.o
 .debug_abbrev  0x000004f0      0x5ef C:\Users\CYIRKO~1\AppData\Local\Temp\ccuReY8w.ltrans1.ltrans.o
 .debug_abbrev  0x00000adf      0x39c C:\Users\CYIRKO~1\AppData\Local\Temp\ccuReY8w.ltrans2.ltrans.o

.debug_loc      0x00000000     0x2d35
 .debug_loc     0x00000000      0xc06 C:\Users\CYIRKO~1\AppData\Local\Temp\ccuReY8w.ltrans0.ltrans.o
 .debug_loc     0x00000c06     0x12a6 C:\Users\CYIRKO~1\AppData\Local\Temp\ccuReY8w.ltrans1.ltrans.o
 .debug_loc     0x00001eac      0xe89 C:\Users\CYIRKO~1\AppData\Local\Temp\ccuReY8w.ltrans2.ltrans.o

.debug_aranges  0x00000000      0x1f8
 .debug_aranges
                0x00000000       0x40 C:\Users\CYIRKO~1\AppData\Local\Temp\ccuReY8w.ltrans0.ltrans.o
 .debug_aranges
                0x00000040      0x178 C:\Users\CYIRKO~1\AppData\Local\Temp\ccuReY8w.ltrans1.ltrans.o
 .debug_aranges
                0x000001b8       0x40 C:\Users\CYIRKO~1\AppData\Local\Temp\ccuReY8w.ltrans2.ltrans.o

.debug_ranges   0x00000000     0x1328
 .debug_ranges  0x00000000      0xdc8 C:\Users\CYIRKO~1\AppData\Local\Temp\ccuReY8w.ltrans0.ltrans.o
 .debug_ranges  0x00000dc8      0x428 C:\Users\CYIRKO~1\AppData\Local\Temp\ccuReY8w.ltrans1.ltrans.o
 .debug_ranges  0x000011f0      0x138 C:\Users\CYIRKO~1\AppData\Local\Temp\ccuReY8w.ltrans2.ltrans.o

.debug_line     0x00000000     0x22bf
 .debug_line    0x00000000      0xf62 C:\Users\CYIRKO~1\AppData\Local\Temp\ccuReY8w.ltrans0.ltrans.o
 .debug_line    0x00000f62      0xd20 C:\Users\CYIRKO~1\AppData\Local\Temp\ccuReY8w.ltrans1.ltrans.o
 .debug_line    0x00001c82      0x63d C:\Users\CYIRKO~1\AppData\Local\Temp\ccuReY8w.ltrans2.ltrans.o

.debug_str      0x00000000     0x173a
 .debug_str     0x00000000      0xfd0 C:\Users\CYIRKO~1\AppData\Local\Temp\ccuReY8w.ltrans0.ltrans.o
                               0x10f6 (size before relaxing)
 .debug_str     0x00000fd0      0x524 C:\Users\CYIRKO~1\AppData\Local\Temp\ccuReY8w.ltrans1.ltrans.o
                                0xb10 (size before relaxing)
 .debug_str     0x000014f4      0x246 C:\Users\CYIRKO~1\AppData\Local\Temp\ccuReY8w.ltrans2.ltrans.o
                                0x8ce (size before relaxing)

.debug_frame    0x00000000      0x628
 .debug_frame   0x00000000       0xa4 C:\Users\CYIRKO~1\AppData\Local\Temp\ccuReY8w.ltrans0.ltrans.o
 .debug_frame   0x000000a4      0x4c4 C:\Users\CYIRKO~1\AppData\Local\Temp\ccuReY8w.ltrans1.ltrans.o
 .debug_frame   0x00000568       0xc0 C:\Users\CYIRKO~1\AppData\Local\Temp\ccuReY8w.ltrans2.ltrans.o

Cross Reference Table

Symbol                                            File
BusFault_Handler                                  C:\Users\CYIRKO~1\AppData\Local\Temp\ccuReY8w.ltrans1.ltrans.o
                                                  build/obj/vectors.o (symbol from plugin)
                                                  C:\Users\CYIRKO~1\AppData\Local\Temp\ccuReY8w.ltrans0.ltrans.o
DebugMon_Handler                                  C:\Users\CYIRKO~1\AppData\Local\Temp\ccuReY8w.ltrans1.ltrans.o
                                                  build/obj/vectors.o (symbol from plugin)
                                                  C:\Users\CYIRKO~1\AppData\Local\Temp\ccuReY8w.ltrans0.ltrans.o
EXTD1                                             C:\Users\CYIRKO~1\AppData\Local\Temp\ccuReY8w.ltrans0.ltrans.o
                                                  build/obj/hal_ext_lld.o (symbol from plugin)
                                                  C:\Users\CYIRKO~1\AppData\Local\Temp\ccuReY8w.ltrans1.ltrans.o
                                                  build/obj/ext.o (symbol from plugin)
                                                  build/obj/hal_ext_lld_isr.o (symbol from plugin)
EXT_CB_A.lto_priv.31                              C:\Users\CYIRKO~1\AppData\Local\Temp\ccuReY8w.ltrans2.ltrans.o
                                                  C:\Users\CYIRKO~1\AppData\Local\Temp\ccuReY8w.ltrans0.ltrans.o
EXT_Start                                         build/obj/ext.o (symbol from plugin)
                                                  build/obj/main.o (symbol from plugin)
GPTD1                                             build/obj/hal_gpt_lld.o (symbol from plugin)
HardFault_Handler                                 C:\Users\CYIRKO~1\AppData\Local\Temp\ccuReY8w.ltrans1.ltrans.o
                                                  build/obj/vectors.o (symbol from plugin)
                                                  C:\Users\CYIRKO~1\AppData\Local\Temp\ccuReY8w.ltrans0.ltrans.o
MemManage_Handler                                 C:\Users\CYIRKO~1\AppData\Local\Temp\ccuReY8w.ltrans1.ltrans.o
                                                  build/obj/vectors.o (symbol from plugin)
                                                  C:\Users\CYIRKO~1\AppData\Local\Temp\ccuReY8w.ltrans0.ltrans.o
NMI_Handler                                       C:\Users\CYIRKO~1\AppData\Local\Temp\ccuReY8w.ltrans1.ltrans.o
                                                  build/obj/vectors.o (symbol from plugin)
                                                  C:\Users\CYIRKO~1\AppData\Local\Temp\ccuReY8w.ltrans0.ltrans.o
PendSV_Handler                                    C:\Users\CYIRKO~1\AppData\Local\Temp\ccuReY8w.ltrans1.ltrans.o
                                                  build/obj/vectors.o (symbol from plugin)
                                                  C:\Users\CYIRKO~1\AppData\Local\Temp\ccuReY8w.ltrans0.ltrans.o
Reset_Handler                                     build/obj/crt0_v7m.o
                                                  C:\Users\CYIRKO~1\AppData\Local\Temp\ccuReY8w.ltrans0.ltrans.o
                                                  build/obj/vectors.o (symbol from plugin)
SD7                                               C:\Users\CYIRKO~1\AppData\Local\Temp\ccuReY8w.ltrans2.ltrans.o
                                                  build/obj/hal_serial_lld.o (symbol from plugin)
                                                  C:\Users\CYIRKO~1\AppData\Local\Temp\ccuReY8w.ltrans0.ltrans.o
                                                  build/obj/Serial_Init.o (symbol from plugin)
                                                  build/obj/main.o (symbol from plugin)
SVC_Handler                                       C:\Users\CYIRKO~1\AppData\Local\Temp\ccuReY8w.ltrans1.ltrans.o
                                                  build/obj/chcore_v7m.o (symbol from plugin)
                                                  build/obj/vectors.o (symbol from plugin)
                                                  C:\Users\CYIRKO~1\AppData\Local\Temp\ccuReY8w.ltrans0.ltrans.o
SysTick_Handler                                   C:\Users\CYIRKO~1\AppData\Local\Temp\ccuReY8w.ltrans1.ltrans.o
                                                  build/obj/hal_st_lld.o (symbol from plugin)
                                                  build/obj/vectors.o (symbol from plugin)
                                                  C:\Users\CYIRKO~1\AppData\Local\Temp\ccuReY8w.ltrans0.ltrans.o
SystemCoreClock                                   build/obj/hal_lld.o (symbol from plugin)
UsageFault_Handler                                C:\Users\CYIRKO~1\AppData\Local\Temp\ccuReY8w.ltrans1.ltrans.o
                                                  build/obj/vectors.o (symbol from plugin)
                                                  C:\Users\CYIRKO~1\AppData\Local\Temp\ccuReY8w.ltrans0.ltrans.o
Vector100                                         C:\Users\CYIRKO~1\AppData\Local\Temp\ccuReY8w.ltrans1.ltrans.o
                                                  build/obj/vectors.o (symbol from plugin)
                                                  C:\Users\CYIRKO~1\AppData\Local\Temp\ccuReY8w.ltrans0.ltrans.o
Vector104                                         C:\Users\CYIRKO~1\AppData\Local\Temp\ccuReY8w.ltrans1.ltrans.o
                                                  build/obj/vectors.o (symbol from plugin)
                                                  C:\Users\CYIRKO~1\AppData\Local\Temp\ccuReY8w.ltrans0.ltrans.o
Vector108                                         C:\Users\CYIRKO~1\AppData\Local\Temp\ccuReY8w.ltrans1.ltrans.o
                                                  build/obj/vectors.o (symbol from plugin)
                                                  C:\Users\CYIRKO~1\AppData\Local\Temp\ccuReY8w.ltrans0.ltrans.o
Vector10C                                         C:\Users\CYIRKO~1\AppData\Local\Temp\ccuReY8w.ltrans1.ltrans.o
                                                  build/obj/vectors.o (symbol from plugin)
                                                  C:\Users\CYIRKO~1\AppData\Local\Temp\ccuReY8w.ltrans0.ltrans.o
Vector110                                         C:\Users\CYIRKO~1\AppData\Local\Temp\ccuReY8w.ltrans1.ltrans.o
                                                  build/obj/vectors.o (symbol from plugin)
                                                  C:\Users\CYIRKO~1\AppData\Local\Temp\ccuReY8w.ltrans0.ltrans.o
Vector114                                         C:\Users\CYIRKO~1\AppData\Local\Temp\ccuReY8w.ltrans1.ltrans.o
                                                  build/obj/vectors.o (symbol from plugin)
                                                  C:\Users\CYIRKO~1\AppData\Local\Temp\ccuReY8w.ltrans0.ltrans.o
Vector118                                         C:\Users\CYIRKO~1\AppData\Local\Temp\ccuReY8w.ltrans1.ltrans.o
                                                  build/obj/vectors.o (symbol from plugin)
                                                  C:\Users\CYIRKO~1\AppData\Local\Temp\ccuReY8w.ltrans0.ltrans.o
Vector11C                                         C:\Users\CYIRKO~1\AppData\Local\Temp\ccuReY8w.ltrans1.ltrans.o
                                                  build/obj/vectors.o (symbol from plugin)
                                                  C:\Users\CYIRKO~1\AppData\Local\Temp\ccuReY8w.ltrans0.ltrans.o
Vector120                                         C:\Users\CYIRKO~1\AppData\Local\Temp\ccuReY8w.ltrans1.ltrans.o
                                                  build/obj/vectors.o (symbol from plugin)
                                                  C:\Users\CYIRKO~1\AppData\Local\Temp\ccuReY8w.ltrans0.ltrans.o
Vector124                                         C:\Users\CYIRKO~1\AppData\Local\Temp\ccuReY8w.ltrans1.ltrans.o
                                                  build/obj/vectors.o (symbol from plugin)
                                                  C:\Users\CYIRKO~1\AppData\Local\Temp\ccuReY8w.ltrans0.ltrans.o
Vector128                                         C:\Users\CYIRKO~1\AppData\Local\Temp\ccuReY8w.ltrans1.ltrans.o
                                                  build/obj/vectors.o (symbol from plugin)
                                                  C:\Users\CYIRKO~1\AppData\Local\Temp\ccuReY8w.ltrans0.ltrans.o
Vector12C                                         C:\Users\CYIRKO~1\AppData\Local\Temp\ccuReY8w.ltrans1.ltrans.o
                                                  build/obj/vectors.o (symbol from plugin)
                                                  C:\Users\CYIRKO~1\AppData\Local\Temp\ccuReY8w.ltrans0.ltrans.o
Vector130                                         C:\Users\CYIRKO~1\AppData\Local\Temp\ccuReY8w.ltrans1.ltrans.o
                                                  build/obj/vectors.o (symbol from plugin)
                                                  C:\Users\CYIRKO~1\AppData\Local\Temp\ccuReY8w.ltrans0.ltrans.o
Vector134                                         C:\Users\CYIRKO~1\AppData\Local\Temp\ccuReY8w.ltrans1.ltrans.o
                                                  build/obj/vectors.o (symbol from plugin)
                                                  C:\Users\CYIRKO~1\AppData\Local\Temp\ccuReY8w.ltrans0.ltrans.o
Vector138                                         C:\Users\CYIRKO~1\AppData\Local\Temp\ccuReY8w.ltrans1.ltrans.o
                                                  build/obj/hal_ext_lld_isr.o (symbol from plugin)
                                                  build/obj/vectors.o (symbol from plugin)
                                                  C:\Users\CYIRKO~1\AppData\Local\Temp\ccuReY8w.ltrans0.ltrans.o
Vector13C                                         C:\Users\CYIRKO~1\AppData\Local\Temp\ccuReY8w.ltrans1.ltrans.o
                                                  build/obj/vectors.o (symbol from plugin)
                                                  C:\Users\CYIRKO~1\AppData\Local\Temp\ccuReY8w.ltrans0.ltrans.o
Vector140                                         C:\Users\CYIRKO~1\AppData\Local\Temp\ccuReY8w.ltrans1.ltrans.o
                                                  build/obj/vectors.o (symbol from plugin)
                                                  C:\Users\CYIRKO~1\AppData\Local\Temp\ccuReY8w.ltrans0.ltrans.o
Vector144                                         C:\Users\CYIRKO~1\AppData\Local\Temp\ccuReY8w.ltrans1.ltrans.o
                                                  build/obj/vectors.o (symbol from plugin)
                                                  C:\Users\CYIRKO~1\AppData\Local\Temp\ccuReY8w.ltrans0.ltrans.o
Vector148                                         C:\Users\CYIRKO~1\AppData\Local\Temp\ccuReY8w.ltrans1.ltrans.o
                                                  build/obj/vectors.o (symbol from plugin)
                                                  C:\Users\CYIRKO~1\AppData\Local\Temp\ccuReY8w.ltrans0.ltrans.o
Vector14C                                         C:\Users\CYIRKO~1\AppData\Local\Temp\ccuReY8w.ltrans1.ltrans.o
                                                  build/obj/vectors.o (symbol from plugin)
                                                  C:\Users\CYIRKO~1\AppData\Local\Temp\ccuReY8w.ltrans0.ltrans.o
Vector150                                         C:\Users\CYIRKO~1\AppData\Local\Temp\ccuReY8w.ltrans1.ltrans.o
                                                  build/obj/vectors.o (symbol from plugin)
                                                  C:\Users\CYIRKO~1\AppData\Local\Temp\ccuReY8w.ltrans0.ltrans.o
Vector154                                         C:\Users\CYIRKO~1\AppData\Local\Temp\ccuReY8w.ltrans1.ltrans.o
                                                  build/obj/vectors.o (symbol from plugin)
                                                  C:\Users\CYIRKO~1\AppData\Local\Temp\ccuReY8w.ltrans0.ltrans.o
Vector158                                         C:\Users\CYIRKO~1\AppData\Local\Temp\ccuReY8w.ltrans1.ltrans.o
                                                  build/obj/vectors.o (symbol from plugin)
                                                  C:\Users\CYIRKO~1\AppData\Local\Temp\ccuReY8w.ltrans0.ltrans.o
Vector15C                                         C:\Users\CYIRKO~1\AppData\Local\Temp\ccuReY8w.ltrans1.ltrans.o
                                                  build/obj/vectors.o (symbol from plugin)
                                                  C:\Users\CYIRKO~1\AppData\Local\Temp\ccuReY8w.ltrans0.ltrans.o
Vector160                                         C:\Users\CYIRKO~1\AppData\Local\Temp\ccuReY8w.ltrans1.ltrans.o
                                                  build/obj/vectors.o (symbol from plugin)
                                                  C:\Users\CYIRKO~1\AppData\Local\Temp\ccuReY8w.ltrans0.ltrans.o
Vector164                                         C:\Users\CYIRKO~1\AppData\Local\Temp\ccuReY8w.ltrans1.ltrans.o
                                                  build/obj/vectors.o (symbol from plugin)
                                                  C:\Users\CYIRKO~1\AppData\Local\Temp\ccuReY8w.ltrans0.ltrans.o
Vector168                                         C:\Users\CYIRKO~1\AppData\Local\Temp\ccuReY8w.ltrans1.ltrans.o
                                                  build/obj/vectors.o (symbol from plugin)
                                                  C:\Users\CYIRKO~1\AppData\Local\Temp\ccuReY8w.ltrans0.ltrans.o
Vector16C                                         C:\Users\CYIRKO~1\AppData\Local\Temp\ccuReY8w.ltrans1.ltrans.o
                                                  build/obj/vectors.o (symbol from plugin)
                                                  C:\Users\CYIRKO~1\AppData\Local\Temp\ccuReY8w.ltrans0.ltrans.o
Vector170                                         C:\Users\CYIRKO~1\AppData\Local\Temp\ccuReY8w.ltrans1.ltrans.o
                                                  build/obj/hal_ext_lld_isr.o (symbol from plugin)
                                                  build/obj/vectors.o (symbol from plugin)
                                                  C:\Users\CYIRKO~1\AppData\Local\Temp\ccuReY8w.ltrans0.ltrans.o
Vector174                                         C:\Users\CYIRKO~1\AppData\Local\Temp\ccuReY8w.ltrans1.ltrans.o
                                                  build/obj/vectors.o (symbol from plugin)
                                                  C:\Users\CYIRKO~1\AppData\Local\Temp\ccuReY8w.ltrans0.ltrans.o
Vector178                                         C:\Users\CYIRKO~1\AppData\Local\Temp\ccuReY8w.ltrans1.ltrans.o
                                                  build/obj/vectors.o (symbol from plugin)
                                                  C:\Users\CYIRKO~1\AppData\Local\Temp\ccuReY8w.ltrans0.ltrans.o
Vector17C                                         C:\Users\CYIRKO~1\AppData\Local\Temp\ccuReY8w.ltrans1.ltrans.o
                                                  build/obj/vectors.o (symbol from plugin)
                                                  C:\Users\CYIRKO~1\AppData\Local\Temp\ccuReY8w.ltrans0.ltrans.o
Vector180                                         C:\Users\CYIRKO~1\AppData\Local\Temp\ccuReY8w.ltrans1.ltrans.o
                                                  build/obj/vectors.o (symbol from plugin)
                                                  C:\Users\CYIRKO~1\AppData\Local\Temp\ccuReY8w.ltrans0.ltrans.o
Vector184                                         C:\Users\CYIRKO~1\AppData\Local\Temp\ccuReY8w.ltrans1.ltrans.o
                                                  build/obj/vectors.o (symbol from plugin)
                                                  C:\Users\CYIRKO~1\AppData\Local\Temp\ccuReY8w.ltrans0.ltrans.o
Vector188                                         build/obj/hal_serial_lld.o (symbol from plugin)
                                                  build/obj/vectors.o (symbol from plugin)
Vector18C                                         C:\Users\CYIRKO~1\AppData\Local\Temp\ccuReY8w.ltrans1.ltrans.o
                                                  build/obj/vectors.o (symbol from plugin)
                                                  C:\Users\CYIRKO~1\AppData\Local\Temp\ccuReY8w.ltrans0.ltrans.o
Vector190                                         C:\Users\CYIRKO~1\AppData\Local\Temp\ccuReY8w.ltrans1.ltrans.o
                                                  build/obj/vectors.o (symbol from plugin)
                                                  C:\Users\CYIRKO~1\AppData\Local\Temp\ccuReY8w.ltrans0.ltrans.o
Vector194                                         C:\Users\CYIRKO~1\AppData\Local\Temp\ccuReY8w.ltrans1.ltrans.o
                                                  build/obj/vectors.o (symbol from plugin)
                                                  C:\Users\CYIRKO~1\AppData\Local\Temp\ccuReY8w.ltrans0.ltrans.o
Vector198                                         C:\Users\CYIRKO~1\AppData\Local\Temp\ccuReY8w.ltrans1.ltrans.o
                                                  build/obj/vectors.o (symbol from plugin)
                                                  C:\Users\CYIRKO~1\AppData\Local\Temp\ccuReY8w.ltrans0.ltrans.o
Vector19C                                         C:\Users\CYIRKO~1\AppData\Local\Temp\ccuReY8w.ltrans1.ltrans.o
                                                  build/obj/vectors.o (symbol from plugin)
                                                  C:\Users\CYIRKO~1\AppData\Local\Temp\ccuReY8w.ltrans0.ltrans.o
Vector1A0                                         C:\Users\CYIRKO~1\AppData\Local\Temp\ccuReY8w.ltrans1.ltrans.o
                                                  build/obj/vectors.o (symbol from plugin)
                                                  C:\Users\CYIRKO~1\AppData\Local\Temp\ccuReY8w.ltrans0.ltrans.o
Vector1A4                                         C:\Users\CYIRKO~1\AppData\Local\Temp\ccuReY8w.ltrans1.ltrans.o
                                                  build/obj/vectors.o (symbol from plugin)
                                                  C:\Users\CYIRKO~1\AppData\Local\Temp\ccuReY8w.ltrans0.ltrans.o
Vector1A8                                         C:\Users\CYIRKO~1\AppData\Local\Temp\ccuReY8w.ltrans1.ltrans.o
                                                  build/obj/vectors.o (symbol from plugin)
                                                  C:\Users\CYIRKO~1\AppData\Local\Temp\ccuReY8w.ltrans0.ltrans.o
Vector1AC                                         C:\Users\CYIRKO~1\AppData\Local\Temp\ccuReY8w.ltrans1.ltrans.o
                                                  build/obj/vectors.o (symbol from plugin)
                                                  C:\Users\CYIRKO~1\AppData\Local\Temp\ccuReY8w.ltrans0.ltrans.o
Vector1B0                                         C:\Users\CYIRKO~1\AppData\Local\Temp\ccuReY8w.ltrans1.ltrans.o
                                                  build/obj/vectors.o (symbol from plugin)
                                                  C:\Users\CYIRKO~1\AppData\Local\Temp\ccuReY8w.ltrans0.ltrans.o
Vector1B4                                         C:\Users\CYIRKO~1\AppData\Local\Temp\ccuReY8w.ltrans1.ltrans.o
                                                  build/obj/vectors.o (symbol from plugin)
                                                  C:\Users\CYIRKO~1\AppData\Local\Temp\ccuReY8w.ltrans0.ltrans.o
Vector1B8                                         C:\Users\CYIRKO~1\AppData\Local\Temp\ccuReY8w.ltrans1.ltrans.o
                                                  build/obj/vectors.o (symbol from plugin)
                                                  C:\Users\CYIRKO~1\AppData\Local\Temp\ccuReY8w.ltrans0.ltrans.o
Vector1BC                                         C:\Users\CYIRKO~1\AppData\Local\Temp\ccuReY8w.ltrans1.ltrans.o
                                                  build/obj/vectors.o (symbol from plugin)
                                                  C:\Users\CYIRKO~1\AppData\Local\Temp\ccuReY8w.ltrans0.ltrans.o
Vector1C                                          C:\Users\CYIRKO~1\AppData\Local\Temp\ccuReY8w.ltrans1.ltrans.o
                                                  build/obj/vectors.o (symbol from plugin)
                                                  C:\Users\CYIRKO~1\AppData\Local\Temp\ccuReY8w.ltrans0.ltrans.o
Vector1C0                                         C:\Users\CYIRKO~1\AppData\Local\Temp\ccuReY8w.ltrans1.ltrans.o
                                                  build/obj/vectors.o (symbol from plugin)
                                                  C:\Users\CYIRKO~1\AppData\Local\Temp\ccuReY8w.ltrans0.ltrans.o
Vector1C4                                         C:\Users\CYIRKO~1\AppData\Local\Temp\ccuReY8w.ltrans1.ltrans.o
                                                  build/obj/vectors.o (symbol from plugin)
                                                  C:\Users\CYIRKO~1\AppData\Local\Temp\ccuReY8w.ltrans0.ltrans.o
Vector1C8                                         C:\Users\CYIRKO~1\AppData\Local\Temp\ccuReY8w.ltrans1.ltrans.o
                                                  build/obj/vectors.o (symbol from plugin)
                                                  C:\Users\CYIRKO~1\AppData\Local\Temp\ccuReY8w.ltrans0.ltrans.o
Vector1CC                                         C:\Users\CYIRKO~1\AppData\Local\Temp\ccuReY8w.ltrans1.ltrans.o
                                                  build/obj/vectors.o (symbol from plugin)
                                                  C:\Users\CYIRKO~1\AppData\Local\Temp\ccuReY8w.ltrans0.ltrans.o
Vector1D0                                         C:\Users\CYIRKO~1\AppData\Local\Temp\ccuReY8w.ltrans1.ltrans.o
                                                  build/obj/vectors.o (symbol from plugin)
                                                  C:\Users\CYIRKO~1\AppData\Local\Temp\ccuReY8w.ltrans0.ltrans.o
Vector1D4                                         C:\Users\CYIRKO~1\AppData\Local\Temp\ccuReY8w.ltrans1.ltrans.o
                                                  build/obj/vectors.o (symbol from plugin)
                                                  C:\Users\CYIRKO~1\AppData\Local\Temp\ccuReY8w.ltrans0.ltrans.o
Vector1D8                                         C:\Users\CYIRKO~1\AppData\Local\Temp\ccuReY8w.ltrans1.ltrans.o
                                                  build/obj/vectors.o (symbol from plugin)
                                                  C:\Users\CYIRKO~1\AppData\Local\Temp\ccuReY8w.ltrans0.ltrans.o
Vector1DC                                         C:\Users\CYIRKO~1\AppData\Local\Temp\ccuReY8w.ltrans1.ltrans.o
                                                  build/obj/vectors.o (symbol from plugin)
                                                  C:\Users\CYIRKO~1\AppData\Local\Temp\ccuReY8w.ltrans0.ltrans.o
Vector1E0                                         C:\Users\CYIRKO~1\AppData\Local\Temp\ccuReY8w.ltrans1.ltrans.o
                                                  build/obj/vectors.o (symbol from plugin)
                                                  C:\Users\CYIRKO~1\AppData\Local\Temp\ccuReY8w.ltrans0.ltrans.o
Vector1E4                                         C:\Users\CYIRKO~1\AppData\Local\Temp\ccuReY8w.ltrans1.ltrans.o
                                                  build/obj/vectors.o (symbol from plugin)
                                                  C:\Users\CYIRKO~1\AppData\Local\Temp\ccuReY8w.ltrans0.ltrans.o
Vector1E8                                         C:\Users\CYIRKO~1\AppData\Local\Temp\ccuReY8w.ltrans1.ltrans.o
                                                  build/obj/vectors.o (symbol from plugin)
                                                  C:\Users\CYIRKO~1\AppData\Local\Temp\ccuReY8w.ltrans0.ltrans.o
Vector1EC                                         C:\Users\CYIRKO~1\AppData\Local\Temp\ccuReY8w.ltrans1.ltrans.o
                                                  build/obj/vectors.o (symbol from plugin)
                                                  C:\Users\CYIRKO~1\AppData\Local\Temp\ccuReY8w.ltrans0.ltrans.o
Vector1F0                                         C:\Users\CYIRKO~1\AppData\Local\Temp\ccuReY8w.ltrans1.ltrans.o
                                                  build/obj/vectors.o (symbol from plugin)
                                                  C:\Users\CYIRKO~1\AppData\Local\Temp\ccuReY8w.ltrans0.ltrans.o
Vector1F4                                         C:\Users\CYIRKO~1\AppData\Local\Temp\ccuReY8w.ltrans1.ltrans.o
                                                  build/obj/vectors.o (symbol from plugin)
                                                  C:\Users\CYIRKO~1\AppData\Local\Temp\ccuReY8w.ltrans0.ltrans.o
Vector1F8                                         C:\Users\CYIRKO~1\AppData\Local\Temp\ccuReY8w.ltrans1.ltrans.o
                                                  build/obj/vectors.o (symbol from plugin)
                                                  C:\Users\CYIRKO~1\AppData\Local\Temp\ccuReY8w.ltrans0.ltrans.o
Vector1FC                                         C:\Users\CYIRKO~1\AppData\Local\Temp\ccuReY8w.ltrans1.ltrans.o
                                                  build/obj/vectors.o (symbol from plugin)
                                                  C:\Users\CYIRKO~1\AppData\Local\Temp\ccuReY8w.ltrans0.ltrans.o
Vector20                                          C:\Users\CYIRKO~1\AppData\Local\Temp\ccuReY8w.ltrans1.ltrans.o
                                                  build/obj/vectors.o (symbol from plugin)
                                                  C:\Users\CYIRKO~1\AppData\Local\Temp\ccuReY8w.ltrans0.ltrans.o
Vector24                                          C:\Users\CYIRKO~1\AppData\Local\Temp\ccuReY8w.ltrans1.ltrans.o
                                                  build/obj/vectors.o (symbol from plugin)
                                                  C:\Users\CYIRKO~1\AppData\Local\Temp\ccuReY8w.ltrans0.ltrans.o
Vector28                                          C:\Users\CYIRKO~1\AppData\Local\Temp\ccuReY8w.ltrans1.ltrans.o
                                                  build/obj/vectors.o (symbol from plugin)
                                                  C:\Users\CYIRKO~1\AppData\Local\Temp\ccuReY8w.ltrans0.ltrans.o
Vector34                                          C:\Users\CYIRKO~1\AppData\Local\Temp\ccuReY8w.ltrans1.ltrans.o
                                                  build/obj/vectors.o (symbol from plugin)
                                                  C:\Users\CYIRKO~1\AppData\Local\Temp\ccuReY8w.ltrans0.ltrans.o
Vector40                                          C:\Users\CYIRKO~1\AppData\Local\Temp\ccuReY8w.ltrans1.ltrans.o
                                                  build/obj/vectors.o (symbol from plugin)
                                                  C:\Users\CYIRKO~1\AppData\Local\Temp\ccuReY8w.ltrans0.ltrans.o
Vector44                                          C:\Users\CYIRKO~1\AppData\Local\Temp\ccuReY8w.ltrans1.ltrans.o
                                                  build/obj/hal_ext_lld_isr.o (symbol from plugin)
                                                  build/obj/vectors.o (symbol from plugin)
                                                  C:\Users\CYIRKO~1\AppData\Local\Temp\ccuReY8w.ltrans0.ltrans.o
Vector48                                          C:\Users\CYIRKO~1\AppData\Local\Temp\ccuReY8w.ltrans1.ltrans.o
                                                  build/obj/hal_ext_lld_isr.o (symbol from plugin)
                                                  build/obj/vectors.o (symbol from plugin)
                                                  C:\Users\CYIRKO~1\AppData\Local\Temp\ccuReY8w.ltrans0.ltrans.o
Vector4C                                          C:\Users\CYIRKO~1\AppData\Local\Temp\ccuReY8w.ltrans1.ltrans.o
                                                  build/obj/hal_ext_lld_isr.o (symbol from plugin)
                                                  build/obj/vectors.o (symbol from plugin)
                                                  C:\Users\CYIRKO~1\AppData\Local\Temp\ccuReY8w.ltrans0.ltrans.o
Vector50                                          C:\Users\CYIRKO~1\AppData\Local\Temp\ccuReY8w.ltrans1.ltrans.o
                                                  build/obj/vectors.o (symbol from plugin)
                                                  C:\Users\CYIRKO~1\AppData\Local\Temp\ccuReY8w.ltrans0.ltrans.o
Vector54                                          C:\Users\CYIRKO~1\AppData\Local\Temp\ccuReY8w.ltrans1.ltrans.o
                                                  build/obj/vectors.o (symbol from plugin)
                                                  C:\Users\CYIRKO~1\AppData\Local\Temp\ccuReY8w.ltrans0.ltrans.o
Vector58                                          C:\Users\CYIRKO~1\AppData\Local\Temp\ccuReY8w.ltrans1.ltrans.o
                                                  build/obj/hal_ext_lld_isr.o (symbol from plugin)
                                                  build/obj/vectors.o (symbol from plugin)
                                                  C:\Users\CYIRKO~1\AppData\Local\Temp\ccuReY8w.ltrans0.ltrans.o
Vector5C                                          C:\Users\CYIRKO~1\AppData\Local\Temp\ccuReY8w.ltrans1.ltrans.o
                                                  build/obj/hal_ext_lld_isr.o (symbol from plugin)
                                                  build/obj/vectors.o (symbol from plugin)
                                                  C:\Users\CYIRKO~1\AppData\Local\Temp\ccuReY8w.ltrans0.ltrans.o
Vector60                                          C:\Users\CYIRKO~1\AppData\Local\Temp\ccuReY8w.ltrans1.ltrans.o
                                                  build/obj/hal_ext_lld_isr.o (symbol from plugin)
                                                  build/obj/vectors.o (symbol from plugin)
                                                  C:\Users\CYIRKO~1\AppData\Local\Temp\ccuReY8w.ltrans0.ltrans.o
Vector64                                          C:\Users\CYIRKO~1\AppData\Local\Temp\ccuReY8w.ltrans1.ltrans.o
                                                  build/obj/hal_ext_lld_isr.o (symbol from plugin)
                                                  build/obj/vectors.o (symbol from plugin)
                                                  C:\Users\CYIRKO~1\AppData\Local\Temp\ccuReY8w.ltrans0.ltrans.o
Vector68                                          C:\Users\CYIRKO~1\AppData\Local\Temp\ccuReY8w.ltrans1.ltrans.o
                                                  build/obj/hal_ext_lld_isr.o (symbol from plugin)
                                                  build/obj/vectors.o (symbol from plugin)
                                                  C:\Users\CYIRKO~1\AppData\Local\Temp\ccuReY8w.ltrans0.ltrans.o
Vector6C                                          C:\Users\CYIRKO~1\AppData\Local\Temp\ccuReY8w.ltrans1.ltrans.o
                                                  build/obj/vectors.o (symbol from plugin)
                                                  C:\Users\CYIRKO~1\AppData\Local\Temp\ccuReY8w.ltrans0.ltrans.o
Vector70                                          C:\Users\CYIRKO~1\AppData\Local\Temp\ccuReY8w.ltrans1.ltrans.o
                                                  build/obj/vectors.o (symbol from plugin)
                                                  C:\Users\CYIRKO~1\AppData\Local\Temp\ccuReY8w.ltrans0.ltrans.o
Vector74                                          C:\Users\CYIRKO~1\AppData\Local\Temp\ccuReY8w.ltrans1.ltrans.o
                                                  build/obj/vectors.o (symbol from plugin)
                                                  C:\Users\CYIRKO~1\AppData\Local\Temp\ccuReY8w.ltrans0.ltrans.o
Vector78                                          C:\Users\CYIRKO~1\AppData\Local\Temp\ccuReY8w.ltrans1.ltrans.o
                                                  build/obj/vectors.o (symbol from plugin)
                                                  C:\Users\CYIRKO~1\AppData\Local\Temp\ccuReY8w.ltrans0.ltrans.o
Vector7C                                          C:\Users\CYIRKO~1\AppData\Local\Temp\ccuReY8w.ltrans1.ltrans.o
                                                  build/obj/vectors.o (symbol from plugin)
                                                  C:\Users\CYIRKO~1\AppData\Local\Temp\ccuReY8w.ltrans0.ltrans.o
Vector80                                          C:\Users\CYIRKO~1\AppData\Local\Temp\ccuReY8w.ltrans1.ltrans.o
                                                  build/obj/vectors.o (symbol from plugin)
                                                  C:\Users\CYIRKO~1\AppData\Local\Temp\ccuReY8w.ltrans0.ltrans.o
Vector84                                          C:\Users\CYIRKO~1\AppData\Local\Temp\ccuReY8w.ltrans1.ltrans.o
                                                  build/obj/vectors.o (symbol from plugin)
                                                  C:\Users\CYIRKO~1\AppData\Local\Temp\ccuReY8w.ltrans0.ltrans.o
Vector88                                          C:\Users\CYIRKO~1\AppData\Local\Temp\ccuReY8w.ltrans1.ltrans.o
                                                  build/obj/vectors.o (symbol from plugin)
                                                  C:\Users\CYIRKO~1\AppData\Local\Temp\ccuReY8w.ltrans0.ltrans.o
Vector8C                                          C:\Users\CYIRKO~1\AppData\Local\Temp\ccuReY8w.ltrans1.ltrans.o
                                                  build/obj/vectors.o (symbol from plugin)
                                                  C:\Users\CYIRKO~1\AppData\Local\Temp\ccuReY8w.ltrans0.ltrans.o
Vector90                                          C:\Users\CYIRKO~1\AppData\Local\Temp\ccuReY8w.ltrans1.ltrans.o
                                                  build/obj/vectors.o (symbol from plugin)
                                                  C:\Users\CYIRKO~1\AppData\Local\Temp\ccuReY8w.ltrans0.ltrans.o
Vector94                                          C:\Users\CYIRKO~1\AppData\Local\Temp\ccuReY8w.ltrans1.ltrans.o
                                                  build/obj/vectors.o (symbol from plugin)
                                                  C:\Users\CYIRKO~1\AppData\Local\Temp\ccuReY8w.ltrans0.ltrans.o
Vector98                                          C:\Users\CYIRKO~1\AppData\Local\Temp\ccuReY8w.ltrans1.ltrans.o
                                                  build/obj/vectors.o (symbol from plugin)
                                                  C:\Users\CYIRKO~1\AppData\Local\Temp\ccuReY8w.ltrans0.ltrans.o
Vector9C                                          C:\Users\CYIRKO~1\AppData\Local\Temp\ccuReY8w.ltrans1.ltrans.o
                                                  build/obj/hal_ext_lld_isr.o (symbol from plugin)
                                                  build/obj/vectors.o (symbol from plugin)
                                                  C:\Users\CYIRKO~1\AppData\Local\Temp\ccuReY8w.ltrans0.ltrans.o
VectorA0                                          C:\Users\CYIRKO~1\AppData\Local\Temp\ccuReY8w.ltrans1.ltrans.o
                                                  build/obj/vectors.o (symbol from plugin)
                                                  C:\Users\CYIRKO~1\AppData\Local\Temp\ccuReY8w.ltrans0.ltrans.o
VectorA4                                          build/obj/hal_gpt_lld.o (symbol from plugin)
                                                  build/obj/vectors.o (symbol from plugin)
VectorA8                                          C:\Users\CYIRKO~1\AppData\Local\Temp\ccuReY8w.ltrans1.ltrans.o
                                                  build/obj/vectors.o (symbol from plugin)
                                                  C:\Users\CYIRKO~1\AppData\Local\Temp\ccuReY8w.ltrans0.ltrans.o
VectorAC                                          C:\Users\CYIRKO~1\AppData\Local\Temp\ccuReY8w.ltrans1.ltrans.o
                                                  build/obj/vectors.o (symbol from plugin)
                                                  C:\Users\CYIRKO~1\AppData\Local\Temp\ccuReY8w.ltrans0.ltrans.o
VectorB0                                          C:\Users\CYIRKO~1\AppData\Local\Temp\ccuReY8w.ltrans1.ltrans.o
                                                  build/obj/vectors.o (symbol from plugin)
                                                  C:\Users\CYIRKO~1\AppData\Local\Temp\ccuReY8w.ltrans0.ltrans.o
VectorB4                                          C:\Users\CYIRKO~1\AppData\Local\Temp\ccuReY8w.ltrans1.ltrans.o
                                                  build/obj/vectors.o (symbol from plugin)
                                                  C:\Users\CYIRKO~1\AppData\Local\Temp\ccuReY8w.ltrans0.ltrans.o
VectorB8                                          C:\Users\CYIRKO~1\AppData\Local\Temp\ccuReY8w.ltrans1.ltrans.o
                                                  build/obj/vectors.o (symbol from plugin)
                                                  C:\Users\CYIRKO~1\AppData\Local\Temp\ccuReY8w.ltrans0.ltrans.o
VectorBC                                          C:\Users\CYIRKO~1\AppData\Local\Temp\ccuReY8w.ltrans1.ltrans.o
                                                  build/obj/vectors.o (symbol from plugin)
                                                  C:\Users\CYIRKO~1\AppData\Local\Temp\ccuReY8w.ltrans0.ltrans.o
VectorC0                                          C:\Users\CYIRKO~1\AppData\Local\Temp\ccuReY8w.ltrans1.ltrans.o
                                                  build/obj/vectors.o (symbol from plugin)
                                                  C:\Users\CYIRKO~1\AppData\Local\Temp\ccuReY8w.ltrans0.ltrans.o
VectorC4                                          C:\Users\CYIRKO~1\AppData\Local\Temp\ccuReY8w.ltrans1.ltrans.o
                                                  build/obj/vectors.o (symbol from plugin)
                                                  C:\Users\CYIRKO~1\AppData\Local\Temp\ccuReY8w.ltrans0.ltrans.o
VectorC8                                          C:\Users\CYIRKO~1\AppData\Local\Temp\ccuReY8w.ltrans1.ltrans.o
                                                  build/obj/vectors.o (symbol from plugin)
                                                  C:\Users\CYIRKO~1\AppData\Local\Temp\ccuReY8w.ltrans0.ltrans.o
VectorCC                                          C:\Users\CYIRKO~1\AppData\Local\Temp\ccuReY8w.ltrans1.ltrans.o
                                                  build/obj/vectors.o (symbol from plugin)
                                                  C:\Users\CYIRKO~1\AppData\Local\Temp\ccuReY8w.ltrans0.ltrans.o
VectorD0                                          C:\Users\CYIRKO~1\AppData\Local\Temp\ccuReY8w.ltrans1.ltrans.o
                                                  build/obj/vectors.o (symbol from plugin)
                                                  C:\Users\CYIRKO~1\AppData\Local\Temp\ccuReY8w.ltrans0.ltrans.o
VectorD4                                          C:\Users\CYIRKO~1\AppData\Local\Temp\ccuReY8w.ltrans1.ltrans.o
                                                  build/obj/vectors.o (symbol from plugin)
                                                  C:\Users\CYIRKO~1\AppData\Local\Temp\ccuReY8w.ltrans0.ltrans.o
VectorD8                                          C:\Users\CYIRKO~1\AppData\Local\Temp\ccuReY8w.ltrans1.ltrans.o
                                                  build/obj/vectors.o (symbol from plugin)
                                                  C:\Users\CYIRKO~1\AppData\Local\Temp\ccuReY8w.ltrans0.ltrans.o
VectorDC                                          C:\Users\CYIRKO~1\AppData\Local\Temp\ccuReY8w.ltrans1.ltrans.o
                                                  build/obj/vectors.o (symbol from plugin)
                                                  C:\Users\CYIRKO~1\AppData\Local\Temp\ccuReY8w.ltrans0.ltrans.o
VectorE0                                          C:\Users\CYIRKO~1\AppData\Local\Temp\ccuReY8w.ltrans1.ltrans.o
                                                  build/obj/hal_ext_lld_isr.o (symbol from plugin)
                                                  build/obj/vectors.o (symbol from plugin)
                                                  C:\Users\CYIRKO~1\AppData\Local\Temp\ccuReY8w.ltrans0.ltrans.o
VectorE4                                          C:\Users\CYIRKO~1\AppData\Local\Temp\ccuReY8w.ltrans1.ltrans.o
                                                  build/obj/hal_ext_lld_isr.o (symbol from plugin)
                                                  build/obj/vectors.o (symbol from plugin)
                                                  C:\Users\CYIRKO~1\AppData\Local\Temp\ccuReY8w.ltrans0.ltrans.o
VectorE8                                          C:\Users\CYIRKO~1\AppData\Local\Temp\ccuReY8w.ltrans1.ltrans.o
                                                  build/obj/hal_ext_lld_isr.o (symbol from plugin)
                                                  build/obj/vectors.o (symbol from plugin)
                                                  C:\Users\CYIRKO~1\AppData\Local\Temp\ccuReY8w.ltrans0.ltrans.o
VectorEC                                          C:\Users\CYIRKO~1\AppData\Local\Temp\ccuReY8w.ltrans1.ltrans.o
                                                  build/obj/vectors.o (symbol from plugin)
                                                  C:\Users\CYIRKO~1\AppData\Local\Temp\ccuReY8w.ltrans0.ltrans.o
VectorF0                                          C:\Users\CYIRKO~1\AppData\Local\Temp\ccuReY8w.ltrans1.ltrans.o
                                                  build/obj/vectors.o (symbol from plugin)
                                                  C:\Users\CYIRKO~1\AppData\Local\Temp\ccuReY8w.ltrans0.ltrans.o
VectorF4                                          C:\Users\CYIRKO~1\AppData\Local\Temp\ccuReY8w.ltrans1.ltrans.o
                                                  build/obj/vectors.o (symbol from plugin)
                                                  C:\Users\CYIRKO~1\AppData\Local\Temp\ccuReY8w.ltrans0.ltrans.o
VectorF8                                          C:\Users\CYIRKO~1\AppData\Local\Temp\ccuReY8w.ltrans1.ltrans.o
                                                  build/obj/vectors.o (symbol from plugin)
                                                  C:\Users\CYIRKO~1\AppData\Local\Temp\ccuReY8w.ltrans0.ltrans.o
VectorFC                                          C:\Users\CYIRKO~1\AppData\Local\Temp\ccuReY8w.ltrans1.ltrans.o
                                                  build/obj/vectors.o (symbol from plugin)
                                                  C:\Users\CYIRKO~1\AppData\Local\Temp\ccuReY8w.ltrans0.ltrans.o
__core_init                                       C:\Users\CYIRKO~1\AppData\Local\Temp\ccuReY8w.ltrans1.ltrans.o
                                                  build/obj/crt1.o (symbol from plugin)
                                                  build/obj/crt0_v7m.o
__default_exit                                    C:\Users\CYIRKO~1\AppData\Local\Temp\ccuReY8w.ltrans1.ltrans.o
                                                  build/obj/crt1.o (symbol from plugin)
                                                  build/obj/crt0_v7m.o
__early_init                                      C:\Users\CYIRKO~1\AppData\Local\Temp\ccuReY8w.ltrans0.ltrans.o
                                                  build/obj/board.o (symbol from plugin)
                                                  build/obj/crt1.o (symbol from plugin)
                                                  build/obj/crt0_v7m.o
__fini_array_end                                  build/obj/crt0_v7m.o
__fini_array_start                                build/obj/crt0_v7m.o
__heap_base__                                     C:\Users\CYIRKO~1\AppData\Local\Temp\ccuReY8w.ltrans0.ltrans.o
                                                  build/obj/chmemcore.o (symbol from plugin)
__heap_end__                                      C:\Users\CYIRKO~1\AppData\Local\Temp\ccuReY8w.ltrans0.ltrans.o
                                                  build/obj/chmemcore.o (symbol from plugin)
__init_array_end                                  build/obj/crt0_v7m.o
__init_array_start                                build/obj/crt0_v7m.o
__init_ram_areas                                  C:\Users\CYIRKO~1\AppData\Local\Temp\ccuReY8w.ltrans1.ltrans.o
                                                  build/obj/crt1.o (symbol from plugin)
                                                  build/obj/crt0_v7m.o
__late_init                                       C:\Users\CYIRKO~1\AppData\Local\Temp\ccuReY8w.ltrans1.ltrans.o
                                                  build/obj/crt1.o (symbol from plugin)
                                                  build/obj/crt0_v7m.o
__main_stack_base__                               build/obj/crt0_v7m.o
__main_stack_end__                                C:\Users\CYIRKO~1\AppData\Local\Temp\ccuReY8w.ltrans0.ltrans.o
                                                  build/obj/vectors.o (symbol from plugin)
                                                  build/obj/crt0_v7m.o
__process_stack_base__                            build/obj/crt0_v7m.o
__process_stack_end__                             build/obj/crt0_v7m.o
__ram0_clear__                                    C:\Users\CYIRKO~1\AppData\Local\Temp\ccuReY8w.ltrans1.ltrans.o
                                                  build/obj/crt1.o (symbol from plugin)
__ram0_init__                                     C:\Users\CYIRKO~1\AppData\Local\Temp\ccuReY8w.ltrans1.ltrans.o
                                                  build/obj/crt1.o (symbol from plugin)
__ram0_init_text__                                C:\Users\CYIRKO~1\AppData\Local\Temp\ccuReY8w.ltrans1.ltrans.o
                                                  build/obj/crt1.o (symbol from plugin)
__ram0_noinit__                                   C:\Users\CYIRKO~1\AppData\Local\Temp\ccuReY8w.ltrans1.ltrans.o
                                                  build/obj/crt1.o (symbol from plugin)
__ram1_clear__                                    C:\Users\CYIRKO~1\AppData\Local\Temp\ccuReY8w.ltrans1.ltrans.o
                                                  build/obj/crt1.o (symbol from plugin)
__ram1_init__                                     C:\Users\CYIRKO~1\AppData\Local\Temp\ccuReY8w.ltrans1.ltrans.o
                                                  build/obj/crt1.o (symbol from plugin)
__ram1_init_text__                                C:\Users\CYIRKO~1\AppData\Local\Temp\ccuReY8w.ltrans1.ltrans.o
                                                  build/obj/crt1.o (symbol from plugin)
__ram1_noinit__                                   C:\Users\CYIRKO~1\AppData\Local\Temp\ccuReY8w.ltrans1.ltrans.o
                                                  build/obj/crt1.o (symbol from plugin)
__ram2_clear__                                    C:\Users\CYIRKO~1\AppData\Local\Temp\ccuReY8w.ltrans1.ltrans.o
                                                  build/obj/crt1.o (symbol from plugin)
__ram2_init__                                     C:\Users\CYIRKO~1\AppData\Local\Temp\ccuReY8w.ltrans1.ltrans.o
                                                  build/obj/crt1.o (symbol from plugin)
__ram2_init_text__                                C:\Users\CYIRKO~1\AppData\Local\Temp\ccuReY8w.ltrans1.ltrans.o
                                                  build/obj/crt1.o (symbol from plugin)
__ram2_noinit__                                   C:\Users\CYIRKO~1\AppData\Local\Temp\ccuReY8w.ltrans1.ltrans.o
                                                  build/obj/crt1.o (symbol from plugin)
__ram3_clear__                                    C:\Users\CYIRKO~1\AppData\Local\Temp\ccuReY8w.ltrans1.ltrans.o
                                                  build/obj/crt1.o (symbol from plugin)
__ram3_init__                                     C:\Users\CYIRKO~1\AppData\Local\Temp\ccuReY8w.ltrans1.ltrans.o
                                                  build/obj/crt1.o (symbol from plugin)
__ram3_init_text__                                C:\Users\CYIRKO~1\AppData\Local\Temp\ccuReY8w.ltrans1.ltrans.o
                                                  build/obj/crt1.o (symbol from plugin)
__ram3_noinit__                                   C:\Users\CYIRKO~1\AppData\Local\Temp\ccuReY8w.ltrans1.ltrans.o
                                                  build/obj/crt1.o (symbol from plugin)
__ram4_clear__                                    C:\Users\CYIRKO~1\AppData\Local\Temp\ccuReY8w.ltrans1.ltrans.o
                                                  build/obj/crt1.o (symbol from plugin)
__ram4_init__                                     C:\Users\CYIRKO~1\AppData\Local\Temp\ccuReY8w.ltrans1.ltrans.o
                                                  build/obj/crt1.o (symbol from plugin)
__ram4_init_text__                                C:\Users\CYIRKO~1\AppData\Local\Temp\ccuReY8w.ltrans1.ltrans.o
                                                  build/obj/crt1.o (symbol from plugin)
__ram4_noinit__                                   C:\Users\CYIRKO~1\AppData\Local\Temp\ccuReY8w.ltrans1.ltrans.o
                                                  build/obj/crt1.o (symbol from plugin)
__ram5_clear__                                    C:\Users\CYIRKO~1\AppData\Local\Temp\ccuReY8w.ltrans1.ltrans.o
                                                  build/obj/crt1.o (symbol from plugin)
__ram5_init__                                     C:\Users\CYIRKO~1\AppData\Local\Temp\ccuReY8w.ltrans1.ltrans.o
                                                  build/obj/crt1.o (symbol from plugin)
__ram5_init_text__                                C:\Users\CYIRKO~1\AppData\Local\Temp\ccuReY8w.ltrans1.ltrans.o
                                                  build/obj/crt1.o (symbol from plugin)
__ram5_noinit__                                   C:\Users\CYIRKO~1\AppData\Local\Temp\ccuReY8w.ltrans1.ltrans.o
                                                  build/obj/crt1.o (symbol from plugin)
__ram6_clear__                                    C:\Users\CYIRKO~1\AppData\Local\Temp\ccuReY8w.ltrans1.ltrans.o
                                                  build/obj/crt1.o (symbol from plugin)
__ram6_init__                                     C:\Users\CYIRKO~1\AppData\Local\Temp\ccuReY8w.ltrans1.ltrans.o
                                                  build/obj/crt1.o (symbol from plugin)
__ram6_init_text__                                C:\Users\CYIRKO~1\AppData\Local\Temp\ccuReY8w.ltrans1.ltrans.o
                                                  build/obj/crt1.o (symbol from plugin)
__ram6_noinit__                                   C:\Users\CYIRKO~1\AppData\Local\Temp\ccuReY8w.ltrans1.ltrans.o
                                                  build/obj/crt1.o (symbol from plugin)
__ram7_clear__                                    C:\Users\CYIRKO~1\AppData\Local\Temp\ccuReY8w.ltrans1.ltrans.o
                                                  build/obj/crt1.o (symbol from plugin)
__ram7_init__                                     C:\Users\CYIRKO~1\AppData\Local\Temp\ccuReY8w.ltrans1.ltrans.o
                                                  build/obj/crt1.o (symbol from plugin)
__ram7_init_text__                                C:\Users\CYIRKO~1\AppData\Local\Temp\ccuReY8w.ltrans1.ltrans.o
                                                  build/obj/crt1.o (symbol from plugin)
__ram7_noinit__                                   C:\Users\CYIRKO~1\AppData\Local\Temp\ccuReY8w.ltrans1.ltrans.o
                                                  build/obj/crt1.o (symbol from plugin)
_bss_end                                          build/obj/crt0_v7m.o
_bss_start                                        build/obj/crt0_v7m.o
_core_init                                        build/obj/chmemcore.o (symbol from plugin)
                                                  build/obj/chsys.o (symbol from plugin)
_data_end                                         build/obj/crt0_v7m.o
_data_start                                       build/obj/crt0_v7m.o
_get.lto_priv.35                                  C:\Users\CYIRKO~1\AppData\Local\Temp\ccuReY8w.ltrans1.ltrans.o
                                                  C:\Users\CYIRKO~1\AppData\Local\Temp\ccuReY8w.ltrans0.ltrans.o
_gett.lto_priv.37                                 C:\Users\CYIRKO~1\AppData\Local\Temp\ccuReY8w.ltrans1.ltrans.o
                                                  C:\Users\CYIRKO~1\AppData\Local\Temp\ccuReY8w.ltrans0.ltrans.o
_heap_init                                        build/obj/chheap.o (symbol from plugin)
                                                  build/obj/chsys.o (symbol from plugin)
_idle_thread.lto_priv.40                          C:\Users\CYIRKO~1\AppData\Local\Temp\ccuReY8w.ltrans1.ltrans.o
                                                  C:\Users\CYIRKO~1\AppData\Local\Temp\ccuReY8w.ltrans0.ltrans.o
_pal_lld_init                                     build/obj/hal_pal_lld.o (symbol from plugin)
                                                  build/obj/hal.o (symbol from plugin)
_pal_lld_setgroupmode                             build/obj/hal_pal_lld.o (symbol from plugin)
                                                  build/obj/Serial_Init.o (symbol from plugin)
                                                  build/obj/hal_pal.o (symbol from plugin)
_pal_lld_setgroupmode.constprop.4                 C:\Users\CYIRKO~1\AppData\Local\Temp\ccuReY8w.ltrans2.ltrans.o
                                                  C:\Users\CYIRKO~1\AppData\Local\Temp\ccuReY8w.ltrans0.ltrans.o
_port_exit_from_isr                               build/obj/chcoreasm_v7m.o
                                                  C:\Users\CYIRKO~1\AppData\Local\Temp\ccuReY8w.ltrans1.ltrans.o
                                                  build/obj/chcore_v7m.o (symbol from plugin)
_port_irq_epilogue                                C:\Users\CYIRKO~1\AppData\Local\Temp\ccuReY8w.ltrans1.ltrans.o
                                                  build/obj/chcore_v7m.o (symbol from plugin)
                                                  C:\Users\CYIRKO~1\AppData\Local\Temp\ccuReY8w.ltrans0.ltrans.o
                                                  build/obj/hal_serial_lld.o (symbol from plugin)
                                                  build/obj/hal_gpt_lld.o (symbol from plugin)
                                                  build/obj/hal_st_lld.o (symbol from plugin)
                                                  build/obj/hal_ext_lld_isr.o (symbol from plugin)
_port_switch                                      build/obj/chcoreasm_v7m.o
                                                  C:\Users\CYIRKO~1\AppData\Local\Temp\ccuReY8w.ltrans1.ltrans.o